2025-10-28 10:30:05,758 - INFO - Connexion à MongoDB réussie.
2025-10-28 10:30:05,759 - INFO - Vérification et création des index MongoDB...
2025-10-28 10:30:05,766 - INFO - TTL for analysis_summaries configured to 21600 seconds (from SUMMARIES_TTL_SECONDS env var or default).
2025-10-28 10:30:05,770 - INFO - Index MongoDB vérifiés avec succès.
2025-10-28 10:30:05,818 - INFO - Connexion à MongoDB réussie.
2025-10-28 10:30:05,818 - INFO - Vérification et création des index MongoDB...
2025-10-28 10:30:05,822 - INFO - TTL for analysis_summaries configured to 21600 seconds (from SUMMARIES_TTL_SECONDS env var or default).
2025-10-28 10:30:05,826 - INFO - Index MongoDB vérifiés avec succès.
2025-10-28 10:30:05,851 - INFO - Connexion à MongoDB réussie.
2025-10-28 10:30:05,852 - INFO - Vérification et création des index MongoDB...
2025-10-28 10:30:05,855 - INFO - TTL for analysis_summaries configured to 21600 seconds (from SUMMARIES_TTL_SECONDS env var or default).
2025-10-28 10:30:05,858 - INFO - Index MongoDB vérifiés avec succès.
2025-10-28 10:30:05,864 - INFO - Connexion à MongoDB réussie.
2025-10-28 10:30:05,865 - INFO - Vérification et création des index MongoDB...
2025-10-28 10:30:05,868 - INFO - TTL for analysis_summaries configured to 21600 seconds (from SUMMARIES_TTL_SECONDS env var or default).
2025-10-28 10:30:05,870 - INFO - Index MongoDB vérifiés avec succès.
2025-10-28 10:30:05,898 - INFO - Connexion à MongoDB réussie.
2025-10-28 10:30:05,898 - INFO - Vérification et création des index MongoDB...
2025-10-28 10:30:05,901 - INFO - TTL for analysis_summaries configured to 21600 seconds (from SUMMARIES_TTL_SECONDS env var or default).
2025-10-28 10:30:05,904 - INFO - Index MongoDB vérifiés avec succès.
2025-10-28 10:30:05,904 - INFO - Lancement d'un cycle Quark pour l'hôte login-1.mesobfc.fr...
2025-10-28 10:30:05,905 - INFO - === Début cycle Quark ===
2025-10-28 10:30:05,905 - INFO - Connexion SSH à login-1.mesobfc.fr...
2025-10-28 10:30:05,954 - INFO - Connected (version 2.0, client OpenSSH_8.0)
2025-10-28 10:30:06,066 - INFO - Authentication (publickey) failed.
2025-10-28 10:30:06,139 - INFO - Authentication (password) successful!
2025-10-28 10:30:06,577 - INFO - Collecte des données sinfo, squeue et sacct...
2025-10-28 10:30:07,762 - INFO - Données collectées: 12 sinfo, 74 squeue, 50 sacct
2025-10-28 10:30:07,762 - INFO - Génération du snapshot de l'état du cluster...
2025-10-28 10:30:07,763 - INFO - Calcul des métriques cluster...
2025-10-28 10:30:07,784 - INFO - Snapshot cluster stocké avec l'ID: 69008d1f83b495e280b86b5a
2025-10-28 10:30:07,785 - INFO - Métriques GPU - Total: 6, Idle: 4, Allocated: 2
2025-10-28 10:30:07,785 - INFO - Génération du snapshot brut de tous les jobs...
2025-10-28 10:30:07,785 - INFO - Création du snapshot brut pour 50 jobs (sacct) et 74 jobs (squeue)...
2025-10-28 10:30:07,813 - INFO - Snapshot brut des jobs stocké avec succès (103 jobs).
2025-10-28 10:30:07,814 - INFO - Séparation et traitement des jobs...
2025-10-28 10:30:07,814 - INFO - Traitement du dernier snapshot de jobs...
2025-10-28 10:30:07,817 - INFO - Mise à jour de 14 résumés d'analyses...
2025-10-28 10:30:07,830 - INFO - Résumés d'analyses mis à jour avec succès.
2025-10-28 10:30:07,830 - INFO - Création du snapshot pour 19 jobs uniques...
2025-10-28 10:30:07,846 - INFO - Snapshot des jobs uniques stocké avec succès.
2025-10-28 10:30:07,846 - INFO - Sélection des prochains jobs...
2025-10-28 10:30:07,850 - INFO - Ressources disponibles: Nodes: 0, CPUs: 0, GPUs: 0
2025-10-28 10:30:07,851 - INFO - 0 jobs sélectionnés pour soumission
2025-10-28 10:30:07,851 - INFO - === Fin cycle Quark ===
2025-10-28 10:30:07,852 - INFO - Connexion SSH fermée.
2025-10-28 11:13:01,113 - INFO - Connexion à MongoDB réussie.
2025-10-28 11:13:01,114 - INFO - Vérification et création des index MongoDB...
2025-10-28 11:13:01,126 - INFO - TTL for analysis_summaries configured to 21600 seconds (from SUMMARIES_TTL_SECONDS env var or default).
2025-10-28 11:13:01,130 - INFO - Index MongoDB vérifiés avec succès.
2025-10-28 11:13:01,167 - INFO - Connexion à MongoDB réussie.
2025-10-28 11:13:01,167 - INFO - Vérification et création des index MongoDB...
2025-10-28 11:13:01,171 - INFO - TTL for analysis_summaries configured to 21600 seconds (from SUMMARIES_TTL_SECONDS env var or default).
2025-10-28 11:13:01,175 - INFO - Index MongoDB vérifiés avec succès.
2025-10-28 11:13:01,203 - INFO - Connexion à MongoDB réussie.
2025-10-28 11:13:01,203 - INFO - Vérification et création des index MongoDB...
2025-10-28 11:13:01,207 - INFO - TTL for analysis_summaries configured to 21600 seconds (from SUMMARIES_TTL_SECONDS env var or default).
2025-10-28 11:13:01,210 - INFO - Index MongoDB vérifiés avec succès.
2025-10-28 11:13:01,216 - INFO - Connexion à MongoDB réussie.
2025-10-28 11:13:01,216 - INFO - Vérification et création des index MongoDB...
2025-10-28 11:13:01,220 - INFO - TTL for analysis_summaries configured to 21600 seconds (from SUMMARIES_TTL_SECONDS env var or default).
2025-10-28 11:13:01,224 - INFO - Index MongoDB vérifiés avec succès.
2025-10-28 11:13:01,260 - INFO - Connexion à MongoDB réussie.
2025-10-28 11:13:01,260 - INFO - Vérification et création des index MongoDB...
2025-10-28 11:13:01,263 - INFO - TTL for analysis_summaries configured to 21600 seconds (from SUMMARIES_TTL_SECONDS env var or default).
2025-10-28 11:13:01,266 - INFO - Index MongoDB vérifiés avec succès.
2025-10-28 11:13:01,266 - INFO - Lancement d'un cycle Quark pour l'hôte login-1.mesobfc.fr...
2025-10-28 11:13:01,266 - INFO - === Début cycle Quark ===
2025-10-28 11:13:01,267 - INFO - Connexion SSH à login-1.mesobfc.fr...
2025-10-28 11:13:01,312 - INFO - Connected (version 2.0, client OpenSSH_8.0)
2025-10-28 11:13:01,417 - INFO - Authentication (publickey) failed.
2025-10-28 11:13:01,492 - INFO - Authentication (password) successful!
2025-10-28 11:13:01,902 - INFO - Collecte des données sinfo, squeue et sacct...
2025-10-28 11:13:03,023 - INFO - Données collectées: 11 sinfo, 84 squeue, 98 sacct
2025-10-28 11:13:03,024 - INFO - Génération du snapshot de l'état du cluster...
2025-10-28 11:13:03,024 - INFO - Calcul des métriques cluster...
2025-10-28 11:13:03,046 - INFO - Snapshot cluster stocké avec l'ID: 6900972fb9c5c605723f07d9
2025-10-28 11:13:03,046 - INFO - Métriques GPU - Total: 6, Idle: 4, Allocated: 2
2025-10-28 11:13:03,046 - INFO - Génération du snapshot brut de tous les jobs...
2025-10-28 11:13:03,047 - INFO - Création du snapshot brut pour 98 jobs (sacct) et 84 jobs (squeue)...
2025-10-28 11:13:03,062 - INFO - Snapshot brut des jobs stocké avec succès (162 jobs).
2025-10-28 11:13:03,062 - INFO - Séparation et traitement des jobs...
2025-10-28 11:13:03,063 - INFO - Traitement du dernier snapshot de jobs...
2025-10-28 11:13:03,065 - INFO - Mise à jour de 14 résumés d'analyses...
2025-10-28 11:13:03,094 - INFO - Résumés d'analyses mis à jour avec succès.
2025-10-28 11:13:03,095 - INFO - Création du snapshot pour 23 jobs uniques...
2025-10-28 11:13:03,108 - INFO - Snapshot des jobs uniques stocké avec succès.
2025-10-28 11:13:03,109 - INFO - Sélection des prochains jobs...
2025-10-28 11:13:03,110 - INFO - Ressources disponibles: Nodes: 0, CPUs: 0, GPUs: 0
2025-10-28 11:13:03,111 - INFO - 0 jobs sélectionnés pour soumission
2025-10-28 11:13:03,111 - INFO - === Fin cycle Quark ===
2025-10-28 11:13:03,113 - INFO - Connexion SSH fermée.
2025-10-28 11:19:51,040 - INFO - Connexion à MongoDB réussie.
2025-10-28 11:19:51,040 - INFO - Vérification et création des index MongoDB...
2025-10-28 11:19:51,078 - INFO - TTL for analysis_summaries configured to 21600 seconds (from SUMMARIES_TTL_SECONDS env var or default).
2025-10-28 11:19:51,126 - INFO - Index MongoDB vérifiés avec succès.
2025-10-28 11:19:51,172 - INFO - Connexion à MongoDB réussie.
2025-10-28 11:19:51,173 - INFO - Vérification et création des index MongoDB...
2025-10-28 11:19:51,178 - INFO - TTL for analysis_summaries configured to 21600 seconds (from SUMMARIES_TTL_SECONDS env var or default).
2025-10-28 11:19:51,181 - INFO - Index MongoDB vérifiés avec succès.
2025-10-28 11:19:51,219 - INFO - Connexion à MongoDB réussie.
2025-10-28 11:19:51,219 - INFO - Vérification et création des index MongoDB...
2025-10-28 11:19:51,223 - INFO - TTL for analysis_summaries configured to 21600 seconds (from SUMMARIES_TTL_SECONDS env var or default).
2025-10-28 11:19:51,227 - INFO - Index MongoDB vérifiés avec succès.
2025-10-28 11:19:51,265 - INFO - Connexion à MongoDB réussie.
2025-10-28 11:19:51,265 - INFO - Vérification et création des index MongoDB...
2025-10-28 11:19:51,271 - INFO - TTL for analysis_summaries configured to 21600 seconds (from SUMMARIES_TTL_SECONDS env var or default).
2025-10-28 11:19:51,276 - INFO - Index MongoDB vérifiés avec succès.
2025-10-28 11:19:51,299 - INFO - Connexion à MongoDB réussie.
2025-10-28 11:19:51,299 - INFO - Vérification et création des index MongoDB...
2025-10-28 11:19:51,304 - INFO - TTL for analysis_summaries configured to 21600 seconds (from SUMMARIES_TTL_SECONDS env var or default).
2025-10-28 11:19:51,308 - INFO - Index MongoDB vérifiés avec succès.
2025-10-28 11:19:51,308 - INFO - Lancement d'un cycle Quark pour l'hôte login-1.mesobfc.fr...
2025-10-28 11:19:51,309 - INFO - === Début cycle Quark ===
2025-10-28 11:19:51,309 - INFO - Connexion SSH à login-1.mesobfc.fr...
2025-10-28 11:19:51,345 - INFO - Connected (version 2.0, client OpenSSH_8.0)
2025-10-28 11:19:51,441 - INFO - Authentication (publickey) failed.
2025-10-28 11:19:51,515 - INFO - Authentication (password) successful!
2025-10-28 11:19:51,940 - INFO - Collecte des données sinfo, squeue et sacct...
2025-10-28 11:19:53,134 - INFO - Données collectées: 11 sinfo, 73 squeue, 107 sacct
2025-10-28 11:19:53,135 - INFO - Génération du snapshot de l'état du cluster...
2025-10-28 11:19:53,136 - INFO - Calcul des métriques cluster...
2025-10-28 11:19:53,151 - INFO - Snapshot cluster stocké avec l'ID: 690098c9ed4fee942c3c478a
2025-10-28 11:19:53,152 - INFO - Métriques GPU - Total: 6, Idle: 4, Allocated: 2
2025-10-28 11:19:53,152 - INFO - Génération du snapshot brut de tous les jobs...
2025-10-28 11:19:53,152 - INFO - Création du snapshot brut pour 107 jobs (sacct) et 73 jobs (squeue)...
2025-10-28 11:19:53,167 - INFO - Snapshot brut des jobs stocké avec succès (162 jobs).
2025-10-28 11:19:53,167 - INFO - Séparation et traitement des jobs...
2025-10-28 11:19:53,167 - INFO - Traitement du dernier snapshot de jobs...
2025-10-28 11:19:53,169 - INFO - Mise à jour de 14 résumés d'analyses...
2025-10-28 11:19:53,182 - INFO - Résumés d'analyses mis à jour avec succès.
2025-10-28 11:19:53,183 - INFO - Création du snapshot pour 23 jobs uniques...
2025-10-28 11:19:53,197 - INFO - Snapshot des jobs uniques stocké avec succès.
2025-10-28 11:19:53,198 - INFO - Sélection des prochains jobs...
2025-10-28 11:19:53,199 - INFO - Ressources disponibles: Nodes: 0, CPUs: 0, GPUs: 0
2025-10-28 11:19:53,200 - INFO - 0 jobs sélectionnés pour soumission
2025-10-28 11:19:53,200 - INFO - === Fin cycle Quark ===
2025-10-28 11:19:53,201 - INFO - Connexion SSH fermée.
2025-10-28 11:22:27,937 - INFO - Connexion à MongoDB réussie.
2025-10-28 11:22:27,938 - INFO - Vérification et création des index MongoDB...
2025-10-28 11:22:27,941 - INFO - TTL for analysis_summaries configured to 21600 seconds (from SUMMARIES_TTL_SECONDS env var or default).
2025-10-28 11:22:27,944 - INFO - Index MongoDB vérifiés avec succès.
2025-10-28 11:22:27,954 - INFO - Connexion à MongoDB réussie.
2025-10-28 11:22:27,954 - INFO - Vérification et création des index MongoDB...
2025-10-28 11:22:27,958 - INFO - TTL for analysis_summaries configured to 21600 seconds (from SUMMARIES_TTL_SECONDS env var or default).
2025-10-28 11:22:27,961 - INFO - Index MongoDB vérifiés avec succès.
2025-10-28 11:22:27,974 - INFO - Connexion à MongoDB réussie.
2025-10-28 11:22:27,974 - INFO - Vérification et création des index MongoDB...
2025-10-28 11:22:27,978 - INFO - TTL for analysis_summaries configured to 21600 seconds (from SUMMARIES_TTL_SECONDS env var or default).
2025-10-28 11:22:27,982 - INFO - Index MongoDB vérifiés avec succès.
2025-10-28 11:22:27,990 - INFO - Connexion à MongoDB réussie.
2025-10-28 11:22:27,991 - INFO - Vérification et création des index MongoDB...
2025-10-28 11:22:27,993 - INFO - TTL for analysis_summaries configured to 21600 seconds (from SUMMARIES_TTL_SECONDS env var or default).
2025-10-28 11:22:27,996 - INFO - Index MongoDB vérifiés avec succès.
2025-10-28 11:22:28,014 - INFO - Connexion à MongoDB réussie.
2025-10-28 11:22:28,014 - INFO - Vérification et création des index MongoDB...
2025-10-28 11:22:28,017 - INFO - TTL for analysis_summaries configured to 21600 seconds (from SUMMARIES_TTL_SECONDS env var or default).
2025-10-28 11:22:28,019 - INFO - Index MongoDB vérifiés avec succès.
2025-10-28 11:22:28,019 - INFO - Lancement d'un cycle Quark pour l'hôte login-1.mesobfc.fr...
2025-10-28 11:22:28,020 - INFO - === Début cycle Quark ===
2025-10-28 11:22:28,022 - INFO - Connexion SSH à login-1.mesobfc.fr...
2025-10-28 11:22:28,052 - INFO - Connected (version 2.0, client OpenSSH_8.0)
2025-10-28 11:22:28,153 - INFO - Authentication (publickey) failed.
2025-10-28 11:22:28,228 - INFO - Authentication (password) successful!
2025-10-28 11:22:28,655 - INFO - Collecte des données sinfo, squeue et sacct...
2025-10-28 11:22:29,842 - INFO - Données collectées: 11 sinfo, 69 squeue, 109 sacct
2025-10-28 11:22:29,842 - INFO - Génération du snapshot de l'état du cluster...
2025-10-28 11:22:29,842 - INFO - Calcul des métriques cluster...
2025-10-28 11:22:29,872 - INFO - Snapshot cluster stocké avec l'ID: 690099652305ad70897c6f73
2025-10-28 11:22:29,872 - INFO - Métriques GPU - Total: 6, Idle: 4, Allocated: 2
2025-10-28 11:22:29,873 - INFO - Génération du snapshot brut de tous les jobs...
2025-10-28 11:22:29,873 - INFO - Création du snapshot brut pour 109 jobs (sacct) et 69 jobs (squeue)...
2025-10-28 11:22:29,886 - INFO - Snapshot brut des jobs stocké avec succès (162 jobs).
2025-10-28 11:22:29,887 - INFO - Séparation et traitement des jobs...
2025-10-28 11:22:29,887 - INFO - Traitement du dernier snapshot de jobs...
2025-10-28 11:22:29,890 - INFO - Mise à jour de 14 résumés d'analyses...
2025-10-28 11:22:29,901 - INFO - Résumés d'analyses mis à jour avec succès.
2025-10-28 11:22:29,901 - INFO - Création du snapshot pour 23 jobs uniques...
2025-10-28 11:22:29,917 - INFO - Snapshot des jobs uniques stocké avec succès.
2025-10-28 11:22:29,917 - INFO - Sélection des prochains jobs...
2025-10-28 11:22:29,919 - INFO - Ressources disponibles: Nodes: 0, CPUs: 0, GPUs: 0
2025-10-28 11:22:29,920 - INFO - 0 jobs sélectionnés pour soumission
2025-10-28 11:22:29,921 - INFO - === Fin cycle Quark ===
2025-10-28 11:22:29,921 - INFO - Connexion SSH fermée.
