/work/work/shared/s-neomics/data/incoming/organize/	dijnbs089	infofile_sucess	1
/work/work/shared/s-neomics/data/incoming/organize/	dijnbs097,dijnbs098,dijnbs099,dijnbs100,dijnbs101,dijnbs102,dijnbs103,dijnbs104,dijnbs105,dijnbs084,dijnbs085,dijnbs086,dijnbs087,dijnbs088,dijnbs090,dijnbs091,dijnbs093,dijnbs094,dijnbs095,dijnbs096	infofile_sucess	1
/work/work/shared/s-neomics/data/incoming/organize/	dijnbs097,dijnbs098,dijnbs099,dijnbs100,dijnbs101,dijnbs102,dijnbs103,dijnbs104,dijnbs105,dijnbs086,dijnbs087,dijnbs088,dijnbs090,dijnbs091,dijnbs093,dijnbs094,dijnbs095,dijnbs096	infofile_sucess	4
/work/work/shared/s-neomics/data/incoming/organize/	dijnbs097,dijnbs098,dijnbs099,dijnbs100,dijnbs101,dijnbs102,dijnbs103,dijnbs104,dijnbs105,dijnbs082,dijnbs083,dijnbs086,dijnbs087,dijnbs088,dijnbs090,dijnbs091,dijnbs093,dijnbs094,dijnbs095,dijnbs096	infofile_sucess	2
/work/work/shared/s-neomics/data/incoming/organize/	dijnbs097,dijnbs098,dijnbs099,dijnbs100,dijnbs101,dijnbs102,dijnbs103,dijnbs104,dijnbs105,dijnbs083,dijnbs086,dijnbs087,dijnbs088,dijnbs090,dijnbs091,dijnbs093,dijnbs094,dijnbs095,dijnbs096	infofile_sucess	1
/work/work/shared/s-neomics/data/incoming/organize/	dijnbs097,dijnbs098,dijnbs099,dijnbs100,dijnbs101,dijnbs102,dijnbs103,dijnbs104,dijnbs105,dijnbs087,dijnbs088,dijnbs090,dijnbs091,dijnbs093,dijnbs094,dijnbs095,dijnbs096	infofile_sucess	4
/work/work/shared/s-neomics/data/incoming/organize/	dijnbs097,dijnbs098,dijnbs099,dijnbs100,dijnbs101,dijnbs102,dijnbs103,dijnbs104,dijnbs105,dijnbs088,dijnbs090,dijnbs091,dijnbs093,dijnbs094,dijnbs095,dijnbs096	infofile_sucess	1
/work/work/shared/s-neomics/data/incoming/organize/	dijnbs097,dijnbs098,dijnbs099,dijnbs100,dijnbs101,dijnbs102,dijnbs103,dijnbs104,dijnbs105,dijnbs090,dijnbs091,dijnbs093,dijnbs094,dijnbs095,dijnbs096	infofile_sucess	1
/work/work/shared/s-neomics/data/incoming/organize/	dijnbs097,dijnbs098,dijnbs099,dijnbs100,dijnbs101,dijnbs102,dijnbs103,dijnbs104,dijnbs105,dijnbs091,dijnbs093,dijnbs094,dijnbs095,dijnbs096	infofile_sucess	4
/work/work/shared/s-neomics/data/incoming/organize/	dijnbs097,dijnbs098,dijnbs099,dijnbs100,dijnbs101,dijnbs102,dijnbs103,dijnbs104,dijnbs105,dijnbs093,dijnbs094,dijnbs095,dijnbs096	infofile_sucess	1
/work/work/shared/s-neomics/data/incoming/organize/	dijnbs097,dijnbs098,dijnbs099,dijnbs100,dijnbs101,dijnbs102,dijnbs103,dijnbs104,dijnbs105,dijnbs095,dijnbs096	infofile_sucess	5
/work/work/shared/s-neomics/data/incoming/organize/	dijnbs097,dijnbs098,dijnbs099,dijnbs100,dijnbs101,dijnbs102,dijnbs103,dijnbs104,dijnbs105	infofile_sucess	1
/work/work/shared/s-neomics/data/incoming/organize/	dijnbs098,dijnbs099,dijnbs100,dijnbs101,dijnbs102,dijnbs103,dijnbs104,dijnbs105	infofile_sucess	5
/work/work/shared/s-neomics/data/incoming/organize/	dijnbs101,dijnbs102,dijnbs103,dijnbs104,dijnbs105	infofile_sucess	5
/work/work/shared/s-neomics/data/incoming/organize/	dijnbs102,dijnbs103,dijnbs104,dijnbs105	infofile_sucess	1
/work/work/shared/s-neomics/data/incoming/organize/	dijnbs104,dijnbs105	infofile_sucess	4
/work/work/shared/s-neomics/data/incoming/organize/	dijnbs105	infofile_sucess	1
/work/work/shared/s-neomics/data/incoming/organize/	dijnbs117	infofile_sucess	1
/work/work/shared/s-neomics/data/incoming/organize/	dijnbs126	infofile_sucess	1
/work/work/shared/s-neomics/data/incoming/organize/	dijnbs106,dijnbs107,dijnbs108,dijnbs109,dijnbs110,dijnbs113,dijnbs115,dijnbs116,dijnbs122,dijnbs125,dijnbs129	infofile_sucess	1
/work/work/shared/s-neomics/data/incoming/organize/	dijnbs123,dijnbs124,dijnbs127,dijnbs128,dijnbs107,dijnbs108,dijnbs109,dijnbs110,dijnbs113,dijnbs115,dijnbs116,dijnbs122,dijnbs125,dijnbs129,dijnbs111,dijnbs112,dijnbs118,dijnbs119	infofile_sucess	2
/work/work/shared/s-neomics/data/incoming/organize/	dijnbs123,dijnbs124,dijnbs127,dijnbs128,dijnbs114,dijnbs120,dijnbs107,dijnbs108,dijnbs109,dijnbs110,dijnbs113,dijnbs115,dijnbs116,dijnbs122,dijnbs125,dijnbs129,dijnbs111,dijnbs112,dijnbs118,dijnbs119	infofile_sucess	5
/work/work/shared/s-neomics/data/incoming/organize/	dijnbs123,dijnbs124,dijnbs127,dijnbs128,dijnbs114,dijnbs120,dijnbs110,dijnbs113,dijnbs115,dijnbs116,dijnbs122,dijnbs125,dijnbs129,dijnbs111,dijnbs112,dijnbs118,dijnbs119	infofile_sucess	5
/work/work/shared/s-neomics/data/incoming/organize/	dijnbs123,dijnbs124,dijnbs127,dijnbs128,dijnbs114,dijnbs120,dijnbs113,dijnbs115,dijnbs116,dijnbs122,dijnbs125,dijnbs129,dijnbs118,dijnbs119	infofile_sucess	4
/work/work/shared/s-neomics/data/incoming/organize/	dijnbs123,dijnbs124,dijnbs127,dijnbs128,dijnbs114,dijnbs120,dijnbs115,dijnbs116,dijnbs122,dijnbs125,dijnbs129,dijnbs118,dijnbs119	infofile_sucess	1
/work/work/shared/s-neomics/data/incoming/organize/	dijnbs123,dijnbs124,dijnbs127,dijnbs128,dijnbs120,dijnbs116,dijnbs122,dijnbs125,dijnbs129,dijnbs118,dijnbs119	infofile_sucess	4
/work/work/shared/s-neomics/data/incoming/organize/	dijnbs123,dijnbs124,dijnbs127,dijnbs128,dijnbs120,dijnbs122,dijnbs125,dijnbs129,dijnbs118,dijnbs119	infofile_sucess	1
/work/work/shared/s-neomics/data/incoming/organize/	dijnbs123,dijnbs124,dijnbs127,dijnbs128,dijnbs120,dijnbs122,dijnbs125,dijnbs129,dijnbs119	infofile_sucess	3
/work/work/shared/s-neomics/data/incoming/organize/	dijnbs123,dijnbs124,dijnbs127,dijnbs128,dijnbs120,dijnbs122,dijnbs125,dijnbs129	infofile_sucess	1
/work/work/shared/s-neomics/data/incoming/organize/	dijnbs123,dijnbs124,dijnbs127,dijnbs128,dijnbs122,dijnbs125,dijnbs129	infofile_sucess	1
/work/work/shared/s-neomics/data/incoming/organize/	dijnbs123,dijnbs124,dijnbs127,dijnbs128,dijnbs125,dijnbs129	infofile_sucess	3
/work/work/shared/s-neomics/data/incoming/organize/	dijnbs124,dijnbs127,dijnbs128,dijnbs125,dijnbs129	infofile_sucess	2
/work/work/shared/s-neomics/data/incoming/organize/	dijnbs127,dijnbs128,dijnbs125,dijnbs129	infofile_sucess	6
/work/work/shared/s-neomics/data/incoming/organize/	dijnbs129	infofile_sucess	5
/work/work/shared/s-neomics/data/incoming/organize/	dijnbs141,dijnbs142,dijnbs143,dijnbs144,dijnbs145,dijnbs146,dijnbs147,dijnbs148,dijnbs149,dijnbs150,dijnbs152,dijnbs153,dijnbs130,dijnbs131,dijnbs132,dijnbs133,dijnbs134,dijnbs135,dijnbs136,dijnbs137,dijnbs138	infofile_sucess	1
/work/work/shared/s-neomics/data/incoming/organize/	dijnbs141,dijnbs142,dijnbs143,dijnbs144,dijnbs145,dijnbs146,dijnbs147,dijnbs148,dijnbs149,dijnbs150,dijnbs152,dijnbs153,dijnbs133,dijnbs134,dijnbs135,dijnbs136,dijnbs137,dijnbs138	infofile_sucess	7
/work/work/shared/s-neomics/data/incoming/organize/	dijnbs141,dijnbs142,dijnbs143,dijnbs144,dijnbs145,dijnbs146,dijnbs147,dijnbs148,dijnbs149,dijnbs150,dijnbs152,dijnbs153,dijnbs136,dijnbs137,dijnbs138	infofile_sucess	2
/work/work/shared/s-neomics/data/incoming/organize/	dijnbs141,dijnbs142,dijnbs143,dijnbs144,dijnbs145,dijnbs146,dijnbs147,dijnbs148,dijnbs149,dijnbs150,dijnbs152,dijnbs153,dijnbs138	infofile_sucess	1
/work/work/shared/s-neomics/data/incoming/organize/	dijnbs141,dijnbs142,dijnbs143,dijnbs144,dijnbs145,dijnbs146,dijnbs147,dijnbs148,dijnbs149,dijnbs150,dijnbs152,dijnbs153	infofile_sucess	1
/work/work/shared/s-neomics/data/incoming/organize/	dijnbs143,dijnbs144,dijnbs145,dijnbs146,dijnbs147,dijnbs148,dijnbs149,dijnbs150,dijnbs152,dijnbs153	infofile_sucess	1
/work/work/shared/s-neomics/data/incoming/organize/	dijnbs144,dijnbs145,dijnbs146,dijnbs147,dijnbs148,dijnbs149,dijnbs150,dijnbs152,dijnbs153	infofile_sucess	1
/work/work/shared/s-neomics/data/incoming/organize/	dijnbs145,dijnbs146,dijnbs147,dijnbs148,dijnbs149,dijnbs150,dijnbs152,dijnbs153	infofile_sucess	1
/work/work/shared/s-neomics/data/incoming/organize/	dijnbs147,dijnbs148,dijnbs149,dijnbs150,dijnbs152,dijnbs153	infofile_sucess	2
/work/work/shared/s-neomics/data/incoming/organize/	dijnbs150,dijnbs152,dijnbs153	infofile_sucess	2
/work/work/shared/s-neomics/data/incoming/organize/	dijnbs153	infofile_sucess	1
/work/work/shared/s-neomics/data/incoming/organize/	dijnbs139	infofile_sucess	1
/work/work/shared/s-neomics/data/incoming/organize/	dijnbs193	infofile_sucess	1
/work/work/shared/s-neomics/data/incoming/organize/	dijnbs185,dijnbs190,dijnbs192,dijnbs200	infofile_sucess	1
/work/work/shared/s-neomics/data/incoming/organize/	dijnbs192,dijnbs200,dijnbs184,dijnbs186,dijnbs188,dijnbs189,dijnbs191,dijnbs195,dijnbs196,dijnbs197,dijnbs199,dijnbs201,dijnbs203,dijnbs204	infofile_sucess	2
/work/work/shared/s-neomics/data/incoming/organize/	dijnbs187,dijnbs198,dijnbs202,dijnbs205,dijnbs192,dijnbs200,dijnbs184,dijnbs186,dijnbs188,dijnbs189,dijnbs191,dijnbs195,dijnbs196,dijnbs197,dijnbs199,dijnbs201,dijnbs203,dijnbs204,dijnbs182,dijnbs183	infofile_sucess	8
/work/work/shared/s-neomics/data/incoming/organize/	dijnbs187,dijnbs198,dijnbs202,dijnbs205,dijnbs192,dijnbs200,dijnbs186,dijnbs188,dijnbs189,dijnbs191,dijnbs195,dijnbs196,dijnbs197,dijnbs199,dijnbs201,dijnbs203,dijnbs204	infofile_sucess	8
/work/work/shared/s-neomics/data/incoming/organize/	dijnbs187,dijnbs198,dijnbs202,dijnbs205,dijnbs192,dijnbs200,dijnbs188,dijnbs189,dijnbs191,dijnbs195,dijnbs196,dijnbs197,dijnbs199,dijnbs201,dijnbs203,dijnbs204	infofile_sucess	1
/work/work/shared/s-neomics/data/incoming/organize/	dijnbs198,dijnbs202,dijnbs205,dijnbs192,dijnbs200,dijnbs189,dijnbs191,dijnbs195,dijnbs196,dijnbs197,dijnbs199,dijnbs201,dijnbs203,dijnbs204	infofile_sucess	5
/work/work/shared/s-neomics/data/incoming/organize/	dijnbs198,dijnbs202,dijnbs205,dijnbs200,dijnbs195,dijnbs196,dijnbs197,dijnbs199,dijnbs201,dijnbs203,dijnbs204	infofile_sucess	5
/work/work/shared/s-neomics/data/incoming/organize/	dijnbs198,dijnbs202,dijnbs205,dijnbs200,dijnbs196,dijnbs197,dijnbs199,dijnbs201,dijnbs203,dijnbs204	infofile_sucess	1
/work/work/shared/s-neomics/data/incoming/organize/	dijnbs198,dijnbs202,dijnbs205,dijnbs200,dijnbs199,dijnbs201,dijnbs203,dijnbs204	infofile_sucess	4
/work/work/shared/s-neomics/data/incoming/organize/	dijnbs202,dijnbs205,dijnbs200,dijnbs199,dijnbs201,dijnbs203,dijnbs204	infofile_sucess	1
/work/work/shared/s-neomics/data/incoming/organize/	dijnbs202,dijnbs205,dijnbs201,dijnbs203,dijnbs204	infofile_sucess	5
/work/work/shared/s-neomics/data/incoming/organize/	dijnbs205,dijnbs204	infofile_sucess	5
/work/work/shared/s-neomics/data/incoming/organize/	dijnbs194	infofile_sucess	1
/work/work/shared/s-neomics/data/incoming/organize/	dijnbs158	infofile_sucess	1
/work/work/shared/s-neomics/data/incoming/organize/	dijnbs156,dijnbs157,dijnbs161,dijnbs162,dijnbs177	infofile_sucess	1
/work/work/shared/s-neomics/data/incoming/organize/	dijnbs161,dijnbs162,dijnbs177,dijnbs154,dijnbs155,dijnbs160,dijnbs163,dijnbs170	infofile_sucess	1
/work/work/shared/s-neomics/data/incoming/organize/	dijnbs173,dijnbs174,dijnbs175,dijnbs176,dijnbs178,dijnbs161,dijnbs162,dijnbs177,dijnbs154,dijnbs155,dijnbs160,dijnbs163,dijnbs170,dijnbs159,dijnbs164,dijnbs165,dijnbs166,dijnbs167,dijnbs168,dijnbs169,dijnbs172	infofile_sucess	7
/work/work/shared/s-neomics/data/incoming/organize/	dijnbs173,dijnbs175,dijnbs178,dijnbs161,dijnbs162,dijnbs177,dijnbs155,dijnbs160,dijnbs163,dijnbs170,dijnbs159,dijnbs164,dijnbs165,dijnbs166,dijnbs167,dijnbs168,dijnbs169,dijnbs172	infofile_sucess	8
/work/work/shared/s-neomics/data/incoming/organize/	dijnbs173,dijnbs175,dijnbs178,dijnbs161,dijnbs162,dijnbs177,dijnbs163,dijnbs170,dijnbs164,dijnbs165,dijnbs166,dijnbs167,dijnbs168,dijnbs169,dijnbs172	infofile_sucess	6
/work/work/shared/s-neomics/data/incoming/organize/	dijnbs173,dijnbs175,dijnbs178,dijnbs162,dijnbs177,dijnbs163,dijnbs170,dijnbs164,dijnbs165,dijnbs166,dijnbs167,dijnbs168,dijnbs169,dijnbs172	infofile_sucess	1
/work/work/shared/s-neomics/data/incoming/organize/	dijnbs173,dijnbs175,dijnbs178,dijnbs177,dijnbs170,dijnbs164,dijnbs165,dijnbs166,dijnbs167,dijnbs168,dijnbs169,dijnbs172	infofile_sucess	5
/work/work/shared/s-neomics/data/incoming/organize/	dijnbs173,dijnbs175,dijnbs178,dijnbs177,dijnbs170,dijnbs167,dijnbs168,dijnbs169,dijnbs172	infofile_sucess	7
/work/work/shared/s-neomics/data/incoming/organize/	dijnbs173,dijnbs175,dijnbs178,dijnbs177,dijnbs170,dijnbs172	infofile_sucess	7
/work/work/shared/s-neomics/data/incoming/organize/	dijnbs178,dijnbs177,dijnbs170	infofile_sucess	7
/work/work/shared/s-neomics/data/incoming/organize/	dijnbs171	infofile_sucess	1
/work/work/shared/s-neomics/data/incoming/organize/	dijnbs207,dijnbs208,dijnbs210,dijnbs216,dijnbs224	infofile_sucess	1
/work/work/shared/s-neomics/data/incoming/organize/	dijnbs216,dijnbs224	infofile_sucess	1
/work/work/shared/s-neomics/data/incoming/organize/	dijnbs225,dijnbs226,dijnbs227,dijnbs228,dijnbs229,dijnbs216,dijnbs224,dijnbs179,dijnbs206,dijnbs209,dijnbs211,dijnbs213,dijnbs214,dijnbs215,dijnbs217,dijnbs218,dijnbs219,dijnbs220,dijnbs221,dijnbs222,dijnbs223	infofile_sucess	8
/work/work/shared/s-neomics/data/incoming/organize/	dijnbs225,dijnbs226,dijnbs227,dijnbs228,dijnbs229,dijnbs212,dijnbs216,dijnbs224,dijnbs211,dijnbs213,dijnbs214,dijnbs215,dijnbs217,dijnbs218,dijnbs219,dijnbs220,dijnbs221,dijnbs222,dijnbs223	infofile_sucess	7
/work/work/shared/s-neomics/data/incoming/organize/	dijnbs225,dijnbs226,dijnbs227,dijnbs228,dijnbs229,dijnbs216,dijnbs224,dijnbs213,dijnbs214,dijnbs215,dijnbs217,dijnbs218,dijnbs219,dijnbs220,dijnbs221,dijnbs222,dijnbs223	infofile_sucess	1
/work/work/shared/s-neomics/data/incoming/organize/	dijnbs225,dijnbs226,dijnbs227,dijnbs228,dijnbs229,dijnbs216,dijnbs224,dijnbs214,dijnbs215,dijnbs217,dijnbs218,dijnbs219,dijnbs220,dijnbs221,dijnbs222,dijnbs223	infofile_sucess	6
/work/work/shared/s-neomics/data/incoming/organize/	dijnbs225,dijnbs226,dijnbs227,dijnbs228,dijnbs229,dijnbs216,dijnbs224,dijnbs217,dijnbs218,dijnbs219,dijnbs220,dijnbs221,dijnbs222,dijnbs223	infofile_sucess	7
/work/work/shared/s-neomics/data/incoming/organize/	dijnbs225,dijnbs226,dijnbs227,dijnbs228,dijnbs229,dijnbs224,dijnbs218,dijnbs219,dijnbs220,dijnbs221,dijnbs222,dijnbs223	infofile_sucess	5
/work/work/shared/s-neomics/data/incoming/organize/	dijnbs225,dijnbs226,dijnbs227,dijnbs228,dijnbs229,dijnbs224,dijnbs219,dijnbs220,dijnbs221,dijnbs222,dijnbs223	infofile_sucess	1
/work/work/shared/s-neomics/data/incoming/organize/	dijnbs225,dijnbs226,dijnbs227,dijnbs228,dijnbs229,dijnbs224,dijnbs220,dijnbs221,dijnbs222,dijnbs223	infofile_sucess	2
/work/work/shared/s-neomics/data/incoming/organize/	dijnbs225,dijnbs226,dijnbs227,dijnbs228,dijnbs229,dijnbs224,dijnbs221,dijnbs222,dijnbs223	infofile_sucess	3
/work/work/shared/s-neomics/data/incoming/organize/	dijnbs225,dijnbs226,dijnbs227,dijnbs228,dijnbs229,dijnbs224,dijnbs223	infofile_sucess	1
/work/work/shared/s-neomics/data/incoming/organize/	dijnbs225,dijnbs226,dijnbs227,dijnbs228,dijnbs229,dijnbs224	infofile_sucess	4
/work/work/shared/s-neomics/data/incoming/organize/	dijnbs226,dijnbs227,dijnbs228,dijnbs229	infofile_sucess	1
/work/work/shared/s-neomics/data/incoming/organize/	dijnbs227,dijnbs228,dijnbs229	infofile_sucess	3
/work/work/shared/s-neomics/data/incoming/organize/	dijnbs229	infofile_sucess	2
/work/work/shared/s-neomics/data/incoming/organize/	dijnbs232	infofile_sucess	1
/work/work/shared/s-neomics/data/incoming/organize/	dijnbs233,dijnbs234,dijnbs235,dijnbs236,dijnbs239,dijnbs241	infofile_sucess	1
/work/work/shared/s-neomics/data/incoming/organize/	dijnbs235,dijnbs236,dijnbs239,dijnbs241,dijnbs230,dijnbs231,dijnbs237,dijnbs238,dijnbs243,dijnbs245,dijnbs246	infofile_sucess	1
/work/work/shared/s-neomics/data/incoming/organize/	dijnbs247,dijnbs248,dijnbs249,dijnbs235,dijnbs236,dijnbs239,dijnbs241,dijnbs230,dijnbs231,dijnbs237,dijnbs238,dijnbs243,dijnbs245,dijnbs246,dijnbs180,dijnbs181,dijnbs240,dijnbs242,dijnbs244	infofile_sucess	7
/work/work/shared/s-neomics/data/incoming/organize/	dijnbs247,dijnbs248,dijnbs249,dijnbs235,dijnbs236,dijnbs239,dijnbs241,dijnbs231,dijnbs237,dijnbs238,dijnbs243,dijnbs245,dijnbs246,dijnbs240,dijnbs242,dijnbs244	infofile_sucess	7
/work/work/shared/s-neomics/data/incoming/organize/	dijnbs247,dijnbs248,dijnbs249,dijnbs239,dijnbs241,dijnbs237,dijnbs238,dijnbs243,dijnbs245,dijnbs246,dijnbs240,dijnbs242,dijnbs244	infofile_sucess	6
/work/work/shared/s-neomics/data/incoming/organize/	dijnbs247,dijnbs248,dijnbs249,dijnbs241,dijnbs243,dijnbs245,dijnbs246,dijnbs240,dijnbs242,dijnbs244	infofile_sucess	5
/work/work/shared/s-neomics/data/incoming/organize/	dijnbs247,dijnbs248,dijnbs249,dijnbs241,dijnbs243,dijnbs245,dijnbs246,dijnbs242,dijnbs244	infofile_sucess	1
/work/work/shared/s-neomics/data/incoming/organize/	dijnbs247,dijnbs248,dijnbs249,dijnbs243,dijnbs245,dijnbs246,dijnbs244	infofile_sucess	5
/work/work/shared/s-neomics/data/incoming/organize/	dijnbs247,dijnbs248,dijnbs249,dijnbs245,dijnbs246	infofile_sucess	1
/work/work/shared/s-neomics/data/incoming/organize/	dijnbs247,dijnbs248,dijnbs249,dijnbs246	infofile_sucess	5
/work/work/shared/s-neomics/data/incoming/organize/	dijnbs249	infofile_sucess	6
/work/work/shared/s-neomics/data/incoming/organize/	dijnbs250	infofile_sucess	1
/work/work/shared/s-neomics/data/incoming/organize/	dijnbs251,dijnbs252,dijnbs253,dijnbs254,dijnbs255,dijnbs256,dijnbs257,dijnbs258,dijnbs259	infofile_sucess	6
/work/work/shared/s-neomics/data/incoming/organize/	dijnbs252,dijnbs253,dijnbs254,dijnbs255,dijnbs256,dijnbs257,dijnbs258,dijnbs259	infofile_sucess	1
/work/work/shared/s-neomics/data/incoming/organize/	dijnbs254,dijnbs255,dijnbs256,dijnbs257,dijnbs258,dijnbs259	infofile_sucess	7
/work/work/shared/s-neomics/data/incoming/organize/	dijnbs257,dijnbs258,dijnbs259	infofile_sucess	10
/work/work/shared/s-neomics/data/incoming/organize/	dijnbs212	infofile_sucess	6
/work/work/shared/s-neomics/data/incoming/organize/	dijnbs262,dijnbs263,dijnbs264,dijnbs265,dijnbs266,dijnbs267,dijnbs268,dijnbs269,dijnbs270,dijnbs271,dijnbs272,dijnbs273,dijnbs274,dijnbs275,dijnbs276	infofile_sucess	1
/work/work/shared/s-neomics/data/incoming/organize/	dijnbs260,dijnbs261,dijnbs277,dijnbs265,dijnbs266,dijnbs267,dijnbs268,dijnbs269,dijnbs270,dijnbs271,dijnbs272,dijnbs273,dijnbs274,dijnbs275,dijnbs276	infofile_sucess	2
/work/work/shared/s-neomics/data/incoming/organize/	dijnbs260,dijnbs261,dijnbs277,dijen2230,dijen2231,dijen2232,dijnbs265,dijnbs266,dijnbs267,dijnbs268,dijnbs269,dijnbs270,dijnbs271,dijnbs272,dijnbs273,dijnbs274,dijnbs275,dijnbs276,dijen2227	infofile_sucess	8
/work/work/shared/s-neomics/data/incoming/organize/	dijnbs277,dijen2230,dijen2231,dijen2232,dijnbs266,dijnbs267,dijnbs268,dijnbs269,dijnbs270,dijnbs271,dijnbs272,dijnbs273,dijnbs274,dijnbs275,dijnbs276,dijen2227	infofile_sucess	7
/work/work/shared/s-neomics/data/incoming/organize/	dijnbs277,dijen2230,dijen2231,dijen2232,dijnbs269,dijnbs270,dijnbs271,dijnbs272,dijnbs273,dijnbs274,dijnbs275,dijnbs276,dijen2227	infofile_sucess	6
/work/work/shared/s-neomics/data/incoming/organize/	dijnbs277,dijen2230,dijen2231,dijen2232,dijnbs272,dijnbs273,dijnbs274,dijnbs275,dijnbs276,dijen2227	infofile_sucess	5
/work/work/shared/s-neomics/data/incoming/organize/	dijnbs277,dijen2230,dijen2231,dijen2232,dijnbs275,dijnbs276,dijen2227	infofile_sucess	5
/work/work/shared/s-neomics/data/incoming/organize/	dijen2230,dijen2231,dijen2232,dijen2227	infofile_sucess	5
/work/work/shared/s-neomics/data/incoming/organize/	dijen2227	infofile_sucess	1
/work/work/shared/s-neomics/data/incoming/organize/	dijnbs294,dijnbs295,dijnbs296,dijnbs297,dijnbs298,dijnbs300,dijnbs301,dijnbs278,dijnbs279,dijnbs280,dijnbs281,dijnbs282,dijnbs283,dijnbs284,dijnbs285,dijnbs286,dijnbs287,dijnbs288,dijnbs289,dijnbs290,dijnbs291,dijnbs292,dijnbs293	infofile_sucess	1
/work/work/shared/s-neomics/data/incoming/organize/	dijnbs294,dijnbs295,dijnbs296,dijnbs297,dijnbs298,dijnbs300,dijnbs301,dijnbs281,dijnbs282,dijnbs283,dijnbs284,dijnbs285,dijnbs286,dijnbs287,dijnbs288,dijnbs289,dijnbs290,dijnbs291,dijnbs292,dijnbs293	infofile_sucess	4
/work/work/shared/s-neomics/data/incoming/organize/	dijnbs294,dijnbs295,dijnbs296,dijnbs297,dijnbs298,dijnbs300,dijnbs301,dijnbs302,dijnbs281,dijnbs282,dijnbs283,dijnbs284,dijnbs285,dijnbs286,dijnbs287,dijnbs288,dijnbs289,dijnbs290,dijnbs291,dijnbs292,dijnbs293	infofile_sucess	7
/work/work/shared/s-neomics/data/incoming/organize/	dijnbs294,dijnbs295,dijnbs296,dijnbs297,dijnbs298,dijnbs300,dijnbs301,dijnbs302,dijnbs284,dijnbs285,dijnbs286,dijnbs287,dijnbs288,dijnbs289,dijnbs290,dijnbs291,dijnbs292,dijnbs293	infofile_sucess	9
/work/work/shared/s-neomics/data/incoming/organize/	dijnbs294,dijnbs295,dijnbs296,dijnbs297,dijnbs298,dijnbs300,dijnbs301,dijnbs302,dijnbs287,dijnbs288,dijnbs289,dijnbs290,dijnbs291,dijnbs292,dijnbs293	infofile_sucess	10
/work/work/shared/s-neomics/data/incoming/organize/	dijnbs294,dijnbs295,dijnbs296,dijnbs297,dijnbs298,dijnbs300,dijnbs301,dijnbs302,dijnbs289,dijnbs290,dijnbs291,dijnbs292,dijnbs293	infofile_sucess	1
/work/work/shared/s-neomics/data/incoming/organize/	dijnbs294,dijnbs295,dijnbs296,dijnbs297,dijnbs298,dijnbs300,dijnbs301,dijnbs302,dijnbs290,dijnbs291,dijnbs292,dijnbs293	infofile_sucess	10
/work/work/shared/s-neomics/data/incoming/organize/	dijnbs294,dijnbs295,dijnbs296,dijnbs297,dijnbs298,dijnbs300,dijnbs301,dijnbs302,dijnbs293	infofile_sucess	8
/work/work/shared/s-neomics/data/incoming/organize/	dijnbs296,dijnbs297,dijnbs298,dijnbs300,dijnbs301,dijnbs302	infofile_sucess	9
/work/work/shared/s-neomics/data/incoming/organize/	dijnbs300,dijnbs301,dijnbs302	infofile_sucess	5
/work/work/shared/s-neomics/data/incoming/organize/	dijnbs300,dijnbs301,dijnbs302,dijnbs299	infofile_sucess	7
/work/work/shared/s-neomics/data/incoming/organize/	dijnbs302	infofile_sucess	10
/work/work/shared/s-neomics/data/incoming/organize/	dijnbs304,dijnbs305,dijnbs308,dijnbs313,dijnbs315,dijnbs317,dijnbs324	infofile_sucess	1
/work/work/shared/s-neomics/data/incoming/organize/	dijnbs313,dijnbs315,dijnbs317,dijnbs324,dijnbs306,dijnbs311,dijnbs318,dijnbs320,dijnbs323,dijnbs325	infofile_sucess	1
/work/work/shared/s-neomics/data/incoming/organize/	dijnbs312,dijnbs314,dijnbs316,dijnbs319,dijnbs321,dijnbs322,dijnbs326,dijnbs313,dijnbs315,dijnbs317,dijnbs324,dijnbs306,dijnbs311,dijnbs318,dijnbs320,dijnbs323,dijnbs325,dijen2235,dijen2236,dijnbs303,dijnbs307,dijnbs309,dijnbs310	infofile_sucess	9
/work/work/shared/s-neomics/data/incoming/organize/	dijnbs312,dijnbs314,dijnbs316,dijnbs319,dijnbs321,dijnbs322,dijnbs326,dijnbs313,dijnbs315,dijnbs317,dijnbs324,dijnbs311,dijnbs318,dijnbs320,dijnbs323,dijnbs325,dijen2235,dijen2236,dijnbs309,dijnbs310	infofile_sucess	5
/work/work/shared/s-neomics/data/incoming/organize/	dijnbs312,dijnbs314,dijnbs316,dijnbs319,dijnbs321,dijnbs322,dijnbs326,dijnbs313,dijnbs315,dijnbs317,dijnbs324,dijnbs318,dijnbs320,dijnbs323,dijnbs325,dijen2235,dijen2236	infofile_sucess	5
/work/work/shared/s-neomics/data/incoming/organize/	dijnbs316,dijnbs319,dijnbs321,dijnbs322,dijnbs326,dijnbs315,dijnbs317,dijnbs324,dijnbs318,dijnbs320,dijnbs323,dijnbs325,dijen2235,dijen2236	infofile_sucess	5
/work/work/shared/s-neomics/data/incoming/organize/	dijnbs319,dijnbs321,dijnbs322,dijnbs326,dijnbs324,dijnbs318,dijnbs320,dijnbs323,dijnbs325,dijen2235,dijen2236	infofile_sucess	4
/work/work/shared/s-neomics/data/incoming/organize/	dijnbs321,dijnbs322,dijnbs326,dijnbs324,dijnbs320,dijnbs323,dijnbs325,dijen2235,dijen2236	infofile_sucess	2
/work/work/shared/s-neomics/data/incoming/organize/	dijnbs321,dijnbs322,dijnbs326,dijnbs324,dijnbs323,dijnbs325,dijen2235,dijen2236	infofile_sucess	3
/work/work/shared/s-neomics/data/incoming/organize/	dijnbs326,dijnbs324,dijnbs323,dijnbs325,dijen2235,dijen2236	infofile_sucess	2
/work/work/shared/s-neomics/data/incoming/organize/	dijnbs326,dijnbs324,dijnbs325,dijen2235,dijen2236	infofile_sucess	3
/work/work/shared/s-neomics/data/incoming/organize/	dijnbs326,dijen2235,dijen2236	infofile_sucess	2
/work/work/shared/s-neomics/data/incoming/organize/	dijen2235,dijen2236	infofile_sucess	3
/work/work/shared/s-neomics/data/incoming/organize/	dijnbs347,dijnbs348	infofile_sucess	1
/work/work/shared/s-neomics/data/incoming/organize/	dijex10282,dijex10283,dijex10284,dijex10285,dijex10286,dijex10287,dijex10292,dijex10293,dijnbs327,dijnbs330,dijnbs337,dijnbs338,dijnbs340,dijnbs342,dijnbs343,dijnbs346,dijnbs349	infofile_sucess	1
/work/work/shared/s-neomics/data/incoming/organize/	dijex10294,dijex10295,dijex10296,dijex10297,dijex10298,dijex10299,dijex10300,dijex10301,dijex10302,dijex10303,dijex10304,dijex10305,dijnbs336,dijnbs344,dijex10282,dijex10283,dijex10284,dijex10285,dijex10286,dijex10287,dijex10292,dijex10293,dijnbs330,dijnbs337,dijnbs338,dijnbs340,dijnbs342,dijnbs343,dijnbs346,dijnbs349,dijex10288,dijex10289,dijex10290	infofile_sucess	1
/work/work/shared/s-neomics/data/incoming/organize/	dijex10294,dijex10295,dijex10296,dijex10297,dijex10298,dijex10299,dijex10300,dijex10301,dijex10302,dijex10303,dijex10304,dijex10305,dijnbs336,dijnbs344,dijnbs332,dijnbs333,dijnbs335,dijnbs341,dijnbs345,dijnbs350,dijex10282,dijex10283,dijex10284,dijex10285,dijex10286,dijex10287,dijex10292,dijex10293,dijnbs330,dijnbs337,dijnbs338,dijnbs340,dijnbs342,dijnbs343,dijnbs346,dijnbs349,dijex10288,dijex10289,dijex10290	infofile_sucess	1
/work/work/shared/s-neomics/data/incoming/organize/	dijex10294,dijex10295,dijex10296,dijex10297,dijex10298,dijex10299,dijex10300,dijex10301,dijex10302,dijex10303,dijex10304,dijex10305,dijnbs336,dijnbs344,dijnbs332,dijnbs333,dijnbs335,dijnbs341,dijnbs345,dijnbs350,dijen2237,dijen2238,dijnbs328,dijnbs329,dijnbs331,dijnbs334,dijnbs339,dijex10282,dijex10283,dijex10284,dijex10285,dijex10286,dijex10287,dijex10292,dijex10293,dijnbs330,dijnbs337,dijnbs338,dijnbs340,dijnbs342,dijnbs343,dijnbs346,dijnbs349,dijex10288,dijex10289,dijex10290	infofile_sucess	7
/work/work/shared/s-neomics/data/incoming/organize/	dijex10294,dijex10295,dijex10296,dijex10297,dijex10298,dijex10299,dijex10300,dijex10301,dijex10302,dijex10303,dijex10304,dijex10305,dijnbs336,dijnbs344,dijnbs332,dijnbs333,dijnbs335,dijnbs341,dijnbs345,dijnbs350,dijen2237,dijen2238,dijnbs331,dijnbs334,dijnbs339,dijex10282,dijex10283,dijex10284,dijex10285,dijex10286,dijex10287,dijex10292,dijex10293,dijnbs337,dijnbs338,dijnbs340,dijnbs342,dijnbs343,dijnbs346,dijnbs349,dijex10288,dijex10289,dijex10290	infofile_sucess	5
/work/work/shared/s-neomics/data/incoming/organize/	dijex10294,dijex10295,dijex10296,dijex10297,dijex10298,dijex10299,dijex10300,dijex10301,dijex10302,dijex10303,dijex10304,dijex10305,dijnbs336,dijnbs344,dijnbs332,dijnbs333,dijnbs335,dijnbs341,dijnbs345,dijnbs350,dijen2237,dijen2238,dijnbs334,dijnbs339,dijex10282,dijex10283,dijex10284,dijex10285,dijex10286,dijex10287,dijex10292,dijex10293,dijnbs337,dijnbs338,dijnbs340,dijnbs342,dijnbs343,dijnbs346,dijnbs349,dijex10288,dijex10289,dijex10290	infofile_sucess	1
/work/work/shared/s-neomics/data/incoming/organize/	dijex10294,dijex10295,dijex10296,dijex10297,dijex10298,dijex10299,dijex10300,dijex10301,dijex10302,dijex10303,dijex10304,dijex10305,dijnbs336,dijnbs344,dijnbs335,dijnbs341,dijnbs345,dijnbs350,dijen2237,dijen2238,dijnbs334,dijnbs339,dijex10282,dijex10283,dijex10284,dijex10285,dijex10286,dijex10287,dijex10292,dijex10293,dijnbs337,dijnbs338,dijnbs340,dijnbs342,dijnbs343,dijnbs346,dijnbs349,dijex10288,dijex10289,dijex10290	infofile_sucess	3
/work/work/shared/s-neomics/data/incoming/organize/	dijex10294,dijex10295,dijex10296,dijex10297,dijex10298,dijex10299,dijex10300,dijex10301,dijex10302,dijex10303,dijex10304,dijex10305,dijnbs336,dijnbs344,dijnbs335,dijnbs341,dijnbs345,dijnbs350,dijen2237,dijen2238,dijnbs339,dijex10282,dijex10283,dijex10284,dijex10285,dijex10286,dijex10287,dijex10292,dijex10293,dijnbs337,dijnbs338,dijnbs340,dijnbs342,dijnbs343,dijnbs346,dijnbs349,dijex10288,dijex10289,dijex10290	infofile_sucess	2
/work/work/shared/s-neomics/data/incoming/organize/	dijex10294,dijex10295,dijex10296,dijex10297,dijex10298,dijex10299,dijex10300,dijex10301,dijex10302,dijex10303,dijex10304,dijex10305,dijnbs336,dijnbs344,dijnbs341,dijnbs345,dijnbs350,dijen2237,dijen2238,dijnbs339,dijex10282,dijex10283,dijex10284,dijex10285,dijex10286,dijex10287,dijex10292,dijex10293,dijnbs337,dijnbs338,dijnbs340,dijnbs342,dijnbs343,dijnbs346,dijnbs349,dijex10288,dijex10289,dijex10290	infofile_sucess	1
/work/work/shared/s-neomics/data/incoming/organize/	dijex10294,dijex10295,dijex10296,dijex10297,dijex10298,dijex10299,dijex10300,dijex10301,dijex10302,dijex10303,dijex10304,dijex10305,dijnbs344,dijnbs341,dijnbs345,dijnbs350,dijen2237,dijen2238,dijnbs339,dijex10282,dijex10283,dijex10284,dijex10285,dijex10286,dijex10287,dijex10292,dijex10293,dijnbs337,dijnbs338,dijnbs340,dijnbs342,dijnbs343,dijnbs346,dijnbs349,dijex10288,dijex10289,dijex10290	infofile_sucess	4
/work/work/shared/s-neomics/data/incoming/organize/	dijex10294,dijex10295,dijex10296,dijex10297,dijex10298,dijex10299,dijex10300,dijex10301,dijex10302,dijex10303,dijex10304,dijex10305,dijnbs344,dijnbs341,dijnbs345,dijnbs350,dijen2237,dijen2238,dijnbs339,dijex10282,dijex10283,dijex10284,dijex10285,dijex10286,dijex10287,dijex10292,dijex10293,dijnbs338,dijnbs340,dijnbs342,dijnbs343,dijnbs346,dijnbs349,dijex10288,dijex10289,dijex10290	infofile_sucess	1
/work/work/shared/s-neomics/data/incoming/organize/	dijex10294,dijex10295,dijex10296,dijex10297,dijex10298,dijex10299,dijex10300,dijex10301,dijex10302,dijex10303,dijex10304,dijex10305,dijnbs344,dijnbs341,dijnbs345,dijnbs350,dijen2237,dijen2238,dijex10282,dijex10283,dijex10284,dijex10285,dijex10286,dijex10287,dijex10292,dijex10293,dijnbs340,dijnbs342,dijnbs343,dijnbs346,dijnbs349,dijex10288,dijex10289,dijex10290	infofile_sucess	4
/work/work/shared/s-neomics/data/incoming/organize/	dijex10294,dijex10295,dijex10296,dijex10297,dijex10298,dijex10299,dijex10300,dijex10301,dijex10302,dijex10303,dijex10304,dijex10305,dijnbs344,dijnbs341,dijnbs345,dijnbs350,dijen2237,dijen2238,dijex10282,dijex10283,dijex10284,dijex10285,dijex10286,dijex10287,dijex10292,dijex10293,dijnbs342,dijnbs343,dijnbs346,dijnbs349,dijex10288,dijex10289,dijex10290	infofile_sucess	1
/work/work/shared/s-neomics/data/incoming/organize/	dijex10294,dijex10295,dijex10296,dijex10297,dijex10298,dijex10299,dijex10300,dijex10301,dijex10302,dijex10303,dijex10304,dijex10305,dijnbs344,dijnbs345,dijnbs350,dijen2237,dijen2238,dijex10282,dijex10283,dijex10284,dijex10285,dijex10286,dijex10287,dijex10292,dijex10293,dijnbs342,dijnbs343,dijnbs346,dijnbs349,dijex10288,dijex10289,dijex10290	infofile_sucess	3
/work/work/shared/s-neomics/data/incoming/organize/	dijex10294,dijex10295,dijex10296,dijex10297,dijex10298,dijex10299,dijex10300,dijex10301,dijex10302,dijex10303,dijex10304,dijex10305,dijnbs344,dijnbs345,dijnbs350,dijen2237,dijen2238,dijex10282,dijex10283,dijex10284,dijex10285,dijex10286,dijex10287,dijex10292,dijex10293,dijnbs346,dijnbs349,dijex10288,dijex10289,dijex10290	infofile_sucess	3
/work/work/shared/s-neomics/data/incoming/organize/	dijex10294,dijex10295,dijex10296,dijex10297,dijex10298,dijex10299,dijex10300,dijex10301,dijex10302,dijex10303,dijex10304,dijex10305,dijnbs345,dijnbs350,dijen2237,dijen2238,dijex10282,dijex10283,dijex10284,dijex10285,dijex10286,dijex10287,dijex10292,dijex10293,dijnbs346,dijnbs349,dijex10288,dijex10289,dijex10290	infofile_sucess	2
/work/work/shared/s-neomics/data/incoming/organize/	dijex10294,dijex10295,dijex10296,dijex10297,dijex10298,dijex10299,dijex10300,dijex10301,dijex10302,dijex10303,dijex10304,dijex10305,dijnbs350,dijen2237,dijen2238,dijex10282,dijex10283,dijex10284,dijex10285,dijex10286,dijex10287,dijex10292,dijex10293,dijnbs349,dijex10288,dijex10289,dijex10290	infofile_sucess	3
/work/work/shared/s-neomics/data/incoming/organize/	dijex10294,dijex10295,dijex10296,dijex10297,dijex10298,dijex10299,dijex10300,dijex10301,dijex10302,dijex10303,dijex10304,dijex10305,dijnbs350,dijen2237,dijen2238,dijex10282,dijex10283,dijex10284,dijex10285,dijex10286,dijex10287,dijex10292,dijex10293,dijex10288,dijex10289,dijex10290	infofile_sucess	2
/work/work/shared/s-neomics/data/incoming/organize/	dijex10294,dijex10295,dijex10296,dijex10297,dijex10298,dijex10299,dijex10300,dijex10301,dijex10302,dijex10303,dijex10304,dijex10305,dijen2237,dijen2238,dijex10282,dijex10283,dijex10284,dijex10285,dijex10286,dijex10287,dijex10292,dijex10293,dijex10288,dijex10289,dijex10290	infofile_sucess	3
/work/work/shared/s-neomics/data/incoming/organize/	dijex10294,dijex10295,dijex10296,dijex10297,dijex10298,dijex10299,dijex10300,dijex10301,dijex10302,dijex10303,dijex10304,dijex10305,dijen2237,dijen2238,dijex10285,dijex10286,dijex10287,dijex10292,dijex10293,dijex10288,dijex10289,dijex10290	infofile_sucess	1
/work/work/shared/s-neomics/data/incoming/organize/	dijex10294,dijex10295,dijex10296,dijex10297,dijex10298,dijex10299,dijex10300,dijex10301,dijex10302,dijex10303,dijex10304,dijex10305,dijex10285,dijex10286,dijex10287,dijex10292,dijex10293,dijex10288,dijex10289,dijex10290	infofile_sucess	1
/work/work/shared/s-neomics/data/incoming/organize/	dijex10294,dijex10295,dijex10296,dijex10297,dijex10298,dijex10299,dijex10300,dijex10301,dijex10302,dijex10303,dijex10304,dijex10305,dijex10292,dijex10293	infofile_sucess	1
/work/work/shared/s-neomics/data/incoming/organize/	dijex10295,dijex10296,dijex10297,dijex10298,dijex10302,dijex10303,dijex10304,dijex10305	infofile_sucess	1
/work/work/shared/s-neomics/data/incoming/organize/	dijex10304,dijex10305	infofile_sucess	1
/work/work/shared/s-neomics/data/incoming/organize/	dijnbs367	infofile_sucess	1
/work/work/shared/s-neomics/data/incoming/organize/	dijnbs351,dijnbs353,dijnbs360,dijnbs362,dijnbs365,dijnbs366,dijnbs369,dijnbs370,dijnbs371,dijnbs373,dijnbs374	infofile_sucess	1
/work/work/shared/s-neomics/data/incoming/organize/	dijnbs360,dijnbs362,dijnbs365,dijnbs366,dijnbs369,dijnbs370,dijnbs371,dijnbs373,dijnbs374	infofile_sucess	1
/work/work/shared/s-neomics/data/incoming/organize/	dijnbs361,dijnbs363,dijnbs364,dijnbs368,dijnbs372,dijnbs375,dijnbs360,dijnbs362,dijnbs365,dijnbs366,dijnbs369,dijnbs370,dijnbs371,dijnbs373,dijnbs374,dijnbs352,dijnbs354,dijnbs355,dijnbs356,dijnbs357,dijnbs358,dijnbs359	infofile_sucess	6
/work/work/shared/s-neomics/data/incoming/organize/	dijnbs361,dijnbs363,dijnbs364,dijnbs368,dijnbs372,dijnbs375,dijnbs360,dijnbs362,dijnbs365,dijnbs366,dijnbs369,dijnbs370,dijnbs371,dijnbs373,dijnbs374,dijnbs354,dijnbs355,dijnbs356,dijnbs357,dijnbs358,dijnbs359	infofile_sucess	1
/work/work/shared/s-neomics/data/incoming/organize/	dijnbs361,dijnbs363,dijnbs364,dijnbs368,dijnbs372,dijnbs375,dijnbs360,dijnbs362,dijnbs365,dijnbs366,dijnbs369,dijnbs370,dijnbs371,dijnbs373,dijnbs374,dijnbs356,dijnbs357,dijnbs358,dijnbs359	infofile_sucess	4
/work/work/shared/s-neomics/data/incoming/organize/	dijnbs361,dijnbs363,dijnbs364,dijnbs368,dijnbs372,dijnbs375,dijnbs360,dijnbs362,dijnbs365,dijnbs366,dijnbs369,dijnbs370,dijnbs371,dijnbs373,dijnbs374,dijnbs357,dijnbs358,dijnbs359	infofile_sucess	1
/work/work/shared/s-neomics/data/incoming/organize/	dijnbs361,dijnbs363,dijnbs364,dijnbs368,dijnbs372,dijnbs375,dijnbs360,dijnbs362,dijnbs365,dijnbs366,dijnbs369,dijnbs370,dijnbs371,dijnbs373,dijnbs374,dijnbs359	infofile_sucess	5
/work/work/shared/s-neomics/data/incoming/organize/	dijnbs361,dijnbs363,dijnbs364,dijnbs368,dijnbs372,dijnbs375,dijnbs362,dijnbs365,dijnbs366,dijnbs369,dijnbs370,dijnbs371,dijnbs373,dijnbs374	infofile_sucess	1
/work/work/shared/s-neomics/data/incoming/organize/	dijnbs363,dijnbs364,dijnbs368,dijnbs372,dijnbs375,dijnbs362,dijnbs365,dijnbs366,dijnbs369,dijnbs370,dijnbs371,dijnbs373,dijnbs374	infofile_sucess	4
/work/work/shared/s-neomics/data/incoming/organize/	dijnbs364,dijnbs368,dijnbs372,dijnbs375,dijnbs365,dijnbs366,dijnbs369,dijnbs370,dijnbs371,dijnbs373,dijnbs374	infofile_sucess	2
/work/work/shared/s-neomics/data/incoming/organize/	dijnbs368,dijnbs372,dijnbs375,dijnbs365,dijnbs366,dijnbs369,dijnbs370,dijnbs371,dijnbs373,dijnbs374	infofile_sucess	3
/work/work/shared/s-neomics/data/incoming/organize/	dijnbs368,dijnbs372,dijnbs375,dijnbs369,dijnbs370,dijnbs371,dijnbs373,dijnbs374	infofile_sucess	3
/work/work/shared/s-neomics/data/incoming/organize/	dijnbs372,dijnbs375,dijnbs369,dijnbs370,dijnbs371,dijnbs373,dijnbs374	infofile_sucess	2
/work/work/shared/s-neomics/data/incoming/organize/	dijnbs372,dijnbs375,dijnbs371,dijnbs373,dijnbs374	infofile_sucess	4
/work/work/shared/s-neomics/data/incoming/organize/	dijnbs372,dijnbs375,dijnbs373,dijnbs374	infofile_sucess	1
/work/work/shared/s-neomics/data/incoming/organize/	dijnbs375,dijnbs374	infofile_sucess	4
/work/work/shared/s-neomics/data/incoming/organize/	dijnbs375	infofile_sucess	1
/work/work/shared/s-neomics/data/incoming/organize/	dijnbs391	infofile_sucess	1
/work/work/shared/s-neomics/data/incoming/organize/	dijnbs376,dijnbs380,dijnbs381,dijnbs382,dijnbs383,dijnbs385,dijnbs399	infofile_sucess	1
/work/work/shared/s-neomics/data/incoming/organize/	dijnbs395,dijnbs396,dijnbs397,dijnbs398,dijnbs400,dijnbs381,dijnbs382,dijnbs383,dijnbs385,dijnbs399,dijnbs377,dijnbs379,dijnbs384,dijnbs386,dijnbs387,dijnbs388,dijnbs389,dijnbs390,dijnbs392,dijnbs393,dijnbs394	infofile_sucess	2
/work/work/shared/s-neomics/data/incoming/organize/	dijnbs395,dijnbs396,dijnbs397,dijnbs398,dijnbs400,dijnbs378,dijnbs381,dijnbs382,dijnbs383,dijnbs385,dijnbs399,dijnbs377,dijnbs379,dijnbs384,dijnbs386,dijnbs387,dijnbs388,dijnbs389,dijnbs390,dijnbs392,dijnbs393,dijnbs394	infofile_sucess	2
/work/work/shared/s-neomics/data/incoming/organize/	dijnbs395,dijnbs396,dijnbs397,dijnbs398,dijnbs400,dijnbs378,dijnbs381,dijnbs382,dijnbs383,dijnbs385,dijnbs399,dijnbs379,dijnbs384,dijnbs386,dijnbs387,dijnbs388,dijnbs389,dijnbs390,dijnbs392,dijnbs393,dijnbs394	infofile_sucess	2
/work/work/shared/s-neomics/data/incoming/organize/	dijnbs395,dijnbs396,dijnbs397,dijnbs398,dijnbs400,dijnbs381,dijnbs382,dijnbs383,dijnbs385,dijnbs399,dijnbs384,dijnbs386,dijnbs387,dijnbs388,dijnbs389,dijnbs390,dijnbs392,dijnbs393,dijnbs394	infofile_sucess	4
/work/work/shared/s-neomics/data/incoming/organize/	dijnbs395,dijnbs396,dijnbs397,dijnbs398,dijnbs400,dijnbs382,dijnbs383,dijnbs385,dijnbs399,dijnbs384,dijnbs386,dijnbs387,dijnbs388,dijnbs389,dijnbs390,dijnbs392,dijnbs393,dijnbs394	infofile_sucess	2
/work/work/shared/s-neomics/data/incoming/organize/	dijnbs395,dijnbs396,dijnbs397,dijnbs398,dijnbs400,dijnbs385,dijnbs399,dijnbs384,dijnbs386,dijnbs387,dijnbs388,dijnbs389,dijnbs390,dijnbs392,dijnbs393,dijnbs394	infofile_sucess	3
/work/work/shared/s-neomics/data/incoming/organize/	dijnbs395,dijnbs396,dijnbs397,dijnbs398,dijnbs400,dijnbs385,dijnbs399,dijnbs386,dijnbs387,dijnbs388,dijnbs389,dijnbs390,dijnbs392,dijnbs393,dijnbs394	infofile_sucess	2
/work/work/shared/s-neomics/data/incoming/organize/	dijnbs395,dijnbs396,dijnbs397,dijnbs398,dijnbs400,dijnbs399,dijnbs387,dijnbs388,dijnbs389,dijnbs390,dijnbs392,dijnbs393,dijnbs394	infofile_sucess	3
/work/work/shared/s-neomics/data/incoming/organize/	dijnbs395,dijnbs396,dijnbs397,dijnbs398,dijnbs400,dijnbs399,dijnbs388,dijnbs389,dijnbs390,dijnbs392,dijnbs393,dijnbs394	infofile_sucess	2
/work/work/shared/s-neomics/data/incoming/organize/	dijnbs395,dijnbs396,dijnbs397,dijnbs398,dijnbs400,dijnbs399,dijnbs389,dijnbs390,dijnbs392,dijnbs393,dijnbs394	infofile_sucess	1
/work/work/shared/s-neomics/data/incoming/organize/	dijnbs395,dijnbs396,dijnbs397,dijnbs398,dijnbs400,dijnbs399,dijnbs390,dijnbs392,dijnbs393,dijnbs394	infofile_sucess	3
/work/work/shared/s-neomics/data/incoming/organize/	dijnbs395,dijnbs396,dijnbs397,dijnbs398,dijnbs400,dijnbs399,dijnbs392,dijnbs393,dijnbs394	infofile_sucess	2
/work/work/shared/s-neomics/data/incoming/organize/	dijnbs395,dijnbs396,dijnbs397,dijnbs398,dijnbs400,dijnbs399,dijnbs394	infofile_sucess	4
/work/work/shared/s-neomics/data/incoming/organize/	dijnbs395,dijnbs396,dijnbs397,dijnbs398,dijnbs400,dijnbs399	infofile_sucess	2
/work/work/shared/s-neomics/data/incoming/organize/	dijnbs396,dijnbs397,dijnbs398,dijnbs400,dijnbs399	infofile_sucess	1
/work/work/shared/s-neomics/data/incoming/organize/	dijnbs397,dijnbs398,dijnbs400,dijnbs399	infofile_sucess	3
/work/work/shared/s-neomics/data/incoming/organize/	dijnbs398,dijnbs400,dijnbs399	infofile_sucess	2
/work/work/shared/s-neomics/data/incoming/organize/	dijnbs400,dijnbs399	infofile_sucess	1
/work/work/shared/s-neomics/data/incoming/organize/	dijnbs400	infofile_sucess	2
/work/work/shared/s-neomics/data/incoming/organize/	dijnbs401,dijnbs402,dijnbs403,dijnbs404,dijnbs405	infofile_sucess	1
/work/work/shared/s-neomics/data/incoming/organize/	dijnbs404,dijnbs405	infofile_sucess	10
/work/work/shared/s-neomics/data/incoming/organize/	dijnbs406,dijnbs407,dijnbs408,dijnbs409,dijnbs410	infofile_sucess	1
/work/work/shared/s-neomics/data/incoming/organize/	dijnbs409,dijnbs410	infofile_sucess	10
/work/work/shared/s-neomics/data/incoming/organize/	dijnbs419,dijnbs420	infofile_sucess	1
/work/work/shared/s-neomics/data/incoming/organize/	dijnbs414,dijnbs415,dijnbs416	infofile_sucess	1
/work/work/shared/s-neomics/data/incoming/organize/	dijnbs415,dijnbs416,dijnbs411,dijnbs412,dijnbs413,dijnbs417,dijnbs418	infofile_sucess	7
/work/work/shared/s-neomics/data/incoming/organize/	dijnbs415,dijnbs416,dijnbs417,dijnbs418	infofile_sucess	6
/work/work/shared/s-neomics/data/incoming/organize/	dijnbs418	infofile_sucess	5
/work/work/shared/s-neomics/data/incoming/organize/	dijen2230,dijen2231,dijnbs436	infofile_sucess	1
/work/work/shared/s-neomics/data/incoming/organize/	dijen2230,dijen2231	infofile_sucess	213
/work/work/shared/s-neomics/data/incoming/organize/	dijen2230,dijen2231,dijnbs422,dijnbs430,dijnbs435,dijnbs440,dijnbs441,dijnbs442	infofile_sucess	1
/work/work/shared/s-neomics/data/incoming/organize/	dijnbs438,dijnbs439,dijnbs443,dijen2230,dijen2231,dijnbs422,dijnbs430,dijnbs441,dijnbs442,dijnbs424,dijnbs425,dijnbs426,dijnbs427,dijnbs428,dijnbs429,dijnbs431,dijnbs432,dijnbs433,dijnbs434,dijnbs437	infofile_sucess	2
/work/work/shared/s-neomics/data/incoming/organize/	dijnbs438,dijnbs439,dijnbs443,dijnbs421,dijnbs423,dijen2230,dijen2231,dijnbs422,dijnbs430,dijnbs441,dijnbs442,dijnbs424,dijnbs425,dijnbs426,dijnbs427,dijnbs428,dijnbs429,dijnbs431,dijnbs432,dijnbs433,dijnbs434,dijnbs437	infofile_sucess	2
/work/work/shared/s-neomics/data/incoming/organize/	dijnbs438,dijnbs439,dijnbs443,dijnbs421,dijen2230,dijen2231,dijnbs422,dijnbs430,dijnbs441,dijnbs442,dijnbs424,dijnbs425,dijnbs426,dijnbs427,dijnbs428,dijnbs429,dijnbs431,dijnbs432,dijnbs433,dijnbs434,dijnbs437	infofile_sucess	1
/work/work/shared/s-neomics/data/incoming/organize/	dijnbs438,dijnbs439,dijnbs443,dijnbs421,dijen2230,dijen2231,dijnbs422,dijnbs430,dijnbs441,dijnbs442,dijnbs426,dijnbs427,dijnbs428,dijnbs429,dijnbs431,dijnbs432,dijnbs433,dijnbs434,dijnbs437	infofile_sucess	5
/work/work/shared/s-neomics/data/incoming/organize/	dijnbs438,dijnbs439,dijnbs443,dijnbs421,dijen2230,dijen2231,dijnbs422,dijnbs430,dijnbs441,dijnbs442,dijnbs428,dijnbs429,dijnbs431,dijnbs432,dijnbs433,dijnbs434,dijnbs437	infofile_sucess	1
/work/work/shared/s-neomics/data/incoming/organize/	dijnbs438,dijnbs439,dijnbs443,dijnbs421,dijen2230,dijen2231,dijnbs422,dijnbs430,dijnbs441,dijnbs442,dijnbs429,dijnbs431,dijnbs432,dijnbs433,dijnbs434,dijnbs437	infofile_sucess	4
/work/work/shared/s-neomics/data/incoming/organize/	dijnbs438,dijnbs439,dijnbs443,dijnbs421,dijen2230,dijen2231,dijnbs422,dijnbs441,dijnbs442,dijnbs431,dijnbs432,dijnbs433,dijnbs434,dijnbs437	infofile_sucess	1
/work/work/shared/s-neomics/data/incoming/organize/	dijnbs438,dijnbs439,dijnbs443,dijnbs421,dijen2230,dijen2231,dijnbs422,dijnbs441,dijnbs442,dijnbs432,dijnbs433,dijnbs434,dijnbs437	infofile_sucess	4
/work/work/shared/s-neomics/data/incoming/organize/	dijnbs438,dijnbs439,dijnbs443,dijnbs421,dijen2230,dijen2231,dijnbs422,dijnbs441,dijnbs442,dijnbs434,dijnbs437	infofile_sucess	1
/work/work/shared/s-neomics/data/incoming/organize/	dijnbs438,dijnbs439,dijnbs443,dijnbs421,dijen2230,dijen2231,dijnbs422,dijnbs441,dijnbs442,dijnbs437	infofile_sucess	4
/work/work/shared/s-neomics/data/incoming/organize/	dijnbs439,dijnbs443,dijnbs421,dijen2230,dijen2231,dijnbs422,dijnbs441,dijnbs442	infofile_sucess	2
/work/work/shared/s-neomics/data/incoming/organize/	dijnbs443,dijnbs421,dijen2230,dijen2231,dijnbs422,dijnbs441,dijnbs442	infofile_sucess	3
/work/work/shared/s-neomics/data/incoming/organize/	dijnbs443,dijnbs421,dijen2230,dijen2231,dijnbs422,dijnbs442	infofile_sucess	1
/work/work/shared/s-neomics/data/incoming/organize/	dijnbs443,dijnbs421,dijen2230,dijen2231,dijnbs422	infofile_sucess	2
/work/work/shared/s-neomics/data/incoming/organize/	dijnbs421,dijen2230,dijen2231,dijnbs422	infofile_sucess	2
/work/work/shared/s-neomics/data/incoming/organize/	dijen2230,dijen2231,dijnbs422	infofile_sucess	1
/work/work/shared/s-neomics/data/incoming/organize/	dijnbs460,dijnbs461,dijnbs462,dijnbs463,dijnbs464,dijnbs465,dijnbs466,dijnbs467,dijnbs468,dijnbs444,dijnbs445,dijnbs446,dijnbs447,dijnbs448,dijnbs449,dijnbs450,dijnbs451,dijnbs452,dijnbs453,dijnbs454,dijnbs455,dijnbs456,dijnbs457,dijnbs458,dijnbs459	infofile_sucess	1
/work/work/shared/s-neomics/data/incoming/organize/	dijnbs460,dijnbs461,dijnbs462,dijnbs463,dijnbs464,dijnbs465,dijnbs466,dijnbs467,dijnbs468,dijnbs447,dijnbs448,dijnbs449,dijnbs450,dijnbs451,dijnbs452,dijnbs453,dijnbs454,dijnbs455,dijnbs456,dijnbs457,dijnbs458,dijnbs459	infofile_sucess	11
/work/work/shared/s-neomics/data/incoming/organize/	dijnbs460,dijnbs461,dijnbs462,dijnbs463,dijnbs464,dijnbs465,dijnbs466,dijnbs467,dijnbs468,dijnbs450,dijnbs451,dijnbs452,dijnbs453,dijnbs454,dijnbs455,dijnbs456,dijnbs457,dijnbs458,dijnbs459	infofile_sucess	11
/work/work/shared/s-neomics/data/incoming/organize/	dijnbs460,dijnbs461,dijnbs462,dijnbs463,dijnbs464,dijnbs465,dijnbs466,dijnbs467,dijnbs468,dijnbs453,dijnbs454,dijnbs455,dijnbs456,dijnbs457,dijnbs458,dijnbs459	infofile_sucess	9
/work/work/shared/s-neomics/data/incoming/organize/	dijnbs460,dijnbs461,dijnbs462,dijnbs463,dijnbs464,dijnbs465,dijnbs466,dijnbs467,dijnbs468,dijnbs454,dijnbs455,dijnbs456,dijnbs457,dijnbs458,dijnbs459	infofile_sucess	1
/work/work/shared/s-neomics/data/incoming/organize/	dijnbs460,dijnbs461,dijnbs462,dijnbs463,dijnbs464,dijnbs465,dijnbs466,dijnbs467,dijnbs468,dijnbs456,dijnbs457,dijnbs458,dijnbs459	infofile_sucess	8
/work/work/shared/s-neomics/data/incoming/organize/	dijnbs460,dijnbs461,dijnbs462,dijnbs463,dijnbs464,dijnbs465,dijnbs466,dijnbs467,dijnbs468,dijnbs459	infofile_sucess	8
/work/work/shared/s-neomics/data/incoming/organize/	dijnbs462,dijnbs463,dijnbs464,dijnbs465,dijnbs466,dijnbs467,dijnbs468	infofile_sucess	7
/work/work/shared/s-neomics/data/incoming/organize/	dijnbs465,dijnbs466,dijnbs467,dijnbs468	infofile_sucess	7
/work/work/shared/s-neomics/data/incoming/organize/	dijnbs468	infofile_sucess	8
/work/work/shared/s-neomics/data/incoming/organize/	dijex10329,dijex10306,dijex10307,dijex10308,dijex10309,dijex10310,dijex10311,dijex10312,dijex10313,dijex10314,dijex10315,dijex10316,dijex10317,dijex10318,dijex10319,dijex10320,dijex10321,dijex10322,dijex10323,dijex10324,dijex10325,dijex10326,dijex10327,dijex10328	infofile_sucess	1
/work/work/shared/s-neomics/data/incoming/organize/	dijex10329,dijex10306,dijex10313,dijex10314,dijex10315,dijex10316,dijex10317,dijex10318,dijex10319,dijex10320,dijex10321,dijex10322,dijex10323,dijex10324,dijex10325,dijex10326,dijex10327,dijex10328	infofile_sucess	1
/work/work/shared/s-neomics/data/incoming/organize/	dijex10329,dijex10306,dijex10319,dijex10320,dijex10321,dijex10322,dijex10323,dijex10324,dijex10325,dijex10326,dijex10327,dijex10328	infofile_sucess	1
/work/work/shared/s-neomics/data/incoming/organize/	dijex10329,dijex10306,dijex10319,dijex10320,dijex10321,dijex10325	infofile_sucess	1
/work/work/shared/s-neomics/data/incoming/organize/	dijnbs469,dijnbs471,dijnbs478,dijnbs489,dijnbs490	infofile_sucess	1
/work/work/shared/s-neomics/data/incoming/organize/	dijnbs486,dijnbs487,dijnbs488,dijnbs489,dijnbs490,dijnbs470,dijnbs472,dijnbs473,dijnbs474,dijnbs475,dijnbs476,dijnbs477,dijnbs479,dijnbs480,dijnbs481,dijnbs482,dijnbs483,dijnbs484,dijnbs485	infofile_sucess	10
/work/work/shared/s-neomics/data/incoming/organize/	dijnbs488,dijnbs489,dijnbs490,dijnbs472,dijnbs473,dijnbs474,dijnbs475,dijnbs476,dijnbs477,dijnbs479,dijnbs480,dijnbs481,dijnbs482,dijnbs483,dijnbs484,dijnbs485	infofile_sucess	8
/work/work/shared/s-neomics/data/incoming/organize/	dijnbs488,dijnbs489,dijnbs490,dijnbs475,dijnbs476,dijnbs477,dijnbs479,dijnbs480,dijnbs481,dijnbs482,dijnbs483,dijnbs484,dijnbs485	infofile_sucess	7
/work/work/shared/s-neomics/data/incoming/organize/	dijnbs488,dijnbs489,dijnbs490,dijnbs479,dijnbs480,dijnbs481,dijnbs482,dijnbs483,dijnbs484,dijnbs485	infofile_sucess	7
/work/work/shared/s-neomics/data/incoming/organize/	dijnbs488,dijnbs489,dijnbs490,dijnbs482,dijnbs483,dijnbs484,dijnbs485	infofile_sucess	5
/work/work/shared/s-neomics/data/incoming/organize/	dijnbs488,dijnbs489,dijnbs490,dijnbs484,dijnbs485	infofile_sucess	1
/work/work/shared/s-neomics/data/incoming/organize/	dijnbs488,dijnbs489,dijnbs490,dijnbs485	infofile_sucess	5
/work/work/shared/s-neomics/data/incoming/organize/	dijnbs489,dijnbs490	infofile_sucess	1
/work/work/shared/s-neomics/data/incoming/organize/	dijnbs490	infofile_sucess	4
/work/work/shared/s-neomics/data/incoming/organize/	dijex10346,dijex10347,dijex10348,dijex10349,dijex10350,dijex10351,dijex10352,dijex10353,dijex10354,dijex10355,dijex10356,dijex10357,dijex10358,dijex10359,dijex10360,dijex10361,dijex10364,dijex10365,dijex10366,dijex10367,dijex10368,dijex10369	infofile_sucess	1
/work/work/shared/s-neomics/data/incoming/organize/	dijnbs515,dijex10352,dijex10353,dijex10354,dijex10355,dijex10356,dijex10357,dijex10358,dijex10359,dijex10360,dijex10361,dijex10364,dijex10365,dijex10366,dijex10367,dijex10368,dijex10369,dijnbs513,dijnbs514	infofile_sucess	1
/work/work/shared/s-neomics/data/incoming/organize/	dijex10352,dijex10353,dijex10354,dijex10355,dijex10356,dijex10357,dijex10358,dijex10359,dijex10360,dijex10361,dijex10364,dijex10365,dijex10366,dijex10367,dijex10368,dijex10369	infofile_sucess	9
/work/work/shared/s-neomics/data/incoming/organize/	dijex10352,dijex10359,dijex10360,dijex10361,dijex10364,dijex10365,dijex10366,dijex10367,dijex10368,dijex10369	infofile_sucess	1
/work/work/shared/s-neomics/data/incoming/organize/	dijex10352,dijex10367,dijex10368,dijex10369	infofile_sucess	1
/work/work/shared/s-neomics/data/incoming/organize/	dijnbs492,dijnbs493,dijnbs495,dijnbs496,dijnbs497,dijnbs498,dijnbs500,dijnbs501,dijnbs503,dijnbs504,dijnbs505,dijnbs507,dijnbs508,dijnbs509,dijnbs510,dijnbs512	infofile_sucess	1
/work/work/shared/s-neomics/data/incoming/organize/	dijnbs502,dijnbs506,dijnbs511,dijnbs516,dijnbs517,dijnbs518,dijnbs496,dijnbs497,dijnbs498,dijnbs500,dijnbs501,dijnbs503,dijnbs504,dijnbs505,dijnbs507,dijnbs508,dijnbs509,dijnbs510,dijnbs512,dijnbs491,dijnbs494,dijnbs499	infofile_sucess	9
/work/work/shared/s-neomics/data/incoming/organize/	dijnbs502,dijnbs506,dijnbs511,dijnbs516,dijnbs496,dijnbs497,dijnbs498,dijnbs500,dijnbs501,dijnbs503,dijnbs504,dijnbs505,dijnbs507,dijnbs508,dijnbs509,dijnbs510,dijnbs512,dijnbs494,dijnbs499	infofile_sucess	5
/work/work/shared/s-neomics/data/incoming/organize/	dijnbs502,dijnbs506,dijnbs511,dijnbs516,dijnbs498,dijnbs500,dijnbs501,dijnbs503,dijnbs504,dijnbs505,dijnbs507,dijnbs508,dijnbs509,dijnbs510,dijnbs512,dijnbs499	infofile_sucess	4
/work/work/shared/s-neomics/data/incoming/organize/	dijnbs502,dijnbs506,dijnbs511,dijnbs516,dijnbs500,dijnbs501,dijnbs503,dijnbs504,dijnbs505,dijnbs507,dijnbs508,dijnbs509,dijnbs510,dijnbs512,dijnbs499	infofile_sucess	1
/work/work/shared/s-neomics/data/incoming/organize/	dijnbs502,dijnbs506,dijnbs511,dijnbs516,dijnbs501,dijnbs503,dijnbs504,dijnbs505,dijnbs507,dijnbs508,dijnbs509,dijnbs510,dijnbs512	infofile_sucess	4
/work/work/shared/s-neomics/data/incoming/organize/	dijnbs506,dijnbs511,dijnbs516,dijnbs504,dijnbs505,dijnbs507,dijnbs508,dijnbs509,dijnbs510,dijnbs512	infofile_sucess	4
/work/work/shared/s-neomics/data/incoming/organize/	dijnbs511,dijnbs516,dijnbs507,dijnbs508,dijnbs509,dijnbs510,dijnbs512	infofile_sucess	4
/work/work/shared/s-neomics/data/incoming/organize/	dijnbs511,dijnbs516,dijnbs509,dijnbs510,dijnbs512	infofile_sucess	1
/work/work/shared/s-neomics/data/incoming/organize/	dijnbs511,dijnbs516,dijnbs510,dijnbs512	infofile_sucess	3
/work/work/shared/s-neomics/data/incoming/organize/	dijnbs516,dijnbs512	infofile_sucess	1
/work/work/shared/s-neomics/data/incoming/organize/	dijnbs516	infofile_sucess	3
/work/work/shared/s-neomics/data/incoming/organize/	dijnbs528,dijnbs529	infofile_sucess	1
/work/work/shared/s-neomics/data/incoming/organize/	dijnbs519,dijnbs520,dijnbs521,dijnbs522,dijnbs530,dijnbs531,dijnbs536,dijnbs540	infofile_sucess	1
/work/work/shared/s-neomics/data/incoming/organize/	dijnbs537,dijnbs538,dijnbs539,dijnbs541,dijnbs542,dijnbs543,dijnbs520,dijnbs521,dijnbs522,dijnbs530,dijnbs531,dijnbs536,dijnbs540,dijnbs523,dijnbs524,dijnbs525,dijnbs526,dijnbs527,dijnbs532,dijnbs533,dijnbs534,dijnbs535	infofile_sucess	4
/work/work/shared/s-neomics/data/incoming/organize/	dijnbs537,dijnbs538,dijnbs539,dijnbs541,dijnbs542,dijnbs543,dijnbs522,dijnbs530,dijnbs531,dijnbs536,dijnbs540,dijnbs523,dijnbs524,dijnbs525,dijnbs526,dijnbs527,dijnbs532,dijnbs533,dijnbs534,dijnbs535	infofile_sucess	1
/work/work/shared/s-neomics/data/incoming/organize/	dijnbs537,dijnbs538,dijnbs539,dijnbs541,dijnbs542,dijnbs543,dijnbs530,dijnbs531,dijnbs536,dijnbs540,dijnbs523,dijnbs524,dijnbs525,dijnbs526,dijnbs527,dijnbs532,dijnbs533,dijnbs534,dijnbs535	infofile_sucess	4
/work/work/shared/s-neomics/data/incoming/organize/	dijnbs537,dijnbs538,dijnbs539,dijnbs541,dijnbs542,dijnbs543,dijnbs530,dijnbs531,dijnbs536,dijnbs540,dijnbs525,dijnbs526,dijnbs527,dijnbs532,dijnbs533,dijnbs534,dijnbs535	infofile_sucess	1
/work/work/shared/s-neomics/data/incoming/organize/	dijnbs537,dijnbs538,dijnbs539,dijnbs541,dijnbs542,dijnbs543,dijnbs530,dijnbs531,dijnbs536,dijnbs540,dijnbs526,dijnbs527,dijnbs532,dijnbs533,dijnbs534,dijnbs535	infofile_sucess	4
/work/work/shared/s-neomics/data/incoming/organize/	dijnbs537,dijnbs538,dijnbs539,dijnbs541,dijnbs542,dijnbs543,dijnbs530,dijnbs531,dijnbs536,dijnbs540,dijnbs532,dijnbs533,dijnbs534,dijnbs535	infofile_sucess	1
/work/work/shared/s-neomics/data/incoming/organize/	dijnbs537,dijnbs538,dijnbs539,dijnbs541,dijnbs542,dijnbs543,dijnbs531,dijnbs536,dijnbs540,dijnbs532,dijnbs533,dijnbs534,dijnbs535	infofile_sucess	4
/work/work/shared/s-neomics/data/incoming/organize/	dijnbs537,dijnbs538,dijnbs539,dijnbs541,dijnbs542,dijnbs543,dijnbs536,dijnbs540,dijnbs533,dijnbs534,dijnbs535	infofile_sucess	1
/work/work/shared/s-neomics/data/incoming/organize/	dijnbs537,dijnbs538,dijnbs539,dijnbs541,dijnbs542,dijnbs543,dijnbs536,dijnbs540,dijnbs534,dijnbs535	infofile_sucess	4
/work/work/shared/s-neomics/data/incoming/organize/	dijnbs537,dijnbs538,dijnbs539,dijnbs541,dijnbs542,dijnbs543,dijnbs536,dijnbs540,dijnbs535	infofile_sucess	1
/work/work/shared/s-neomics/data/incoming/organize/	dijnbs537,dijnbs538,dijnbs539,dijnbs541,dijnbs542,dijnbs543,dijnbs540	infofile_sucess	5
/work/work/shared/s-neomics/data/incoming/organize/	dijnbs541,dijnbs542,dijnbs543,dijnbs540	infofile_sucess	5
/work/work/shared/s-neomics/data/incoming/organize/	dijnbs543	infofile_sucess	6
/work/work/shared/s-neomics/data/incoming/organize/	dijnbs521,dijnbs524,dijnbs526,dijnbs527,dijnbs528,dijnbs537,dijnbs543	infofile_sucess	1
/work/work/shared/s-neomics/data/incoming/organize/	dijnbs527,dijnbs528,dijnbs537,dijnbs543	infofile_sucess	1
/work/work/shared/s-neomics/data/incoming/organize/	dijnbs549	infofile_sucess	1
/work/work/shared/s-neomics/data/incoming/organize/	dijnbs547,dijnbs548,dijnbs554,dijnbs557,dijnbs559,dijnbs560,dijnbs561,dijnbs562,dijnbs563,dijnbs565,dijnbs567,dijnbs552,dijnbs553	infofile_sucess	1
/work/work/shared/s-neomics/data/incoming/organize/	dijnbs547,dijnbs548,dijnbs554,dijnbs557,dijnbs559,dijnbs560,dijnbs561,dijnbs562,dijnbs563,dijnbs565,dijnbs567,dijnbs544,dijnbs546,dijnbs556	infofile_sucess	4
/work/work/shared/s-neomics/data/incoming/organize/	dijnbs547,dijnbs548,dijnbs554,dijnbs557,dijnbs559,dijnbs560,dijnbs561,dijnbs562,dijnbs563,dijnbs565,dijnbs567,dijnbs546,dijnbs556	infofile_sucess	1
/work/work/shared/s-neomics/data/incoming/organize/	dijnbs548,dijnbs554,dijnbs557,dijnbs559,dijnbs560,dijnbs561,dijnbs562,dijnbs563,dijnbs565,dijnbs567,dijnbs556	infofile_sucess	3
/work/work/shared/s-neomics/data/incoming/organize/	dijnbs554,dijnbs557,dijnbs559,dijnbs560,dijnbs561,dijnbs562,dijnbs563,dijnbs565,dijnbs567,dijnbs556	infofile_sucess	2
/work/work/shared/s-neomics/data/incoming/organize/	dijnbs557,dijnbs559,dijnbs560,dijnbs561,dijnbs562,dijnbs563,dijnbs565,dijnbs567	infofile_sucess	4
/work/work/shared/s-neomics/data/incoming/organize/	dijnbs559,dijnbs560,dijnbs561,dijnbs562,dijnbs563,dijnbs565,dijnbs567	infofile_sucess	2
/work/work/shared/s-neomics/data/incoming/organize/	dijnbs561,dijnbs562,dijnbs563,dijnbs565,dijnbs567	infofile_sucess	4
/work/work/shared/s-neomics/data/incoming/organize/	dijnbs562,dijnbs563,dijnbs565,dijnbs567	infofile_sucess	2
/work/work/shared/s-neomics/data/incoming/organize/	dijnbs565,dijnbs567	infofile_sucess	4
/work/work/shared/s-neomics/data/incoming/organize/	dijnbs567	infofile_sucess	2
/work/work/shared/s-neomics/data/incoming/organize/	dijnbs569,dijnbs570,dijnbs571,dijnbs572,dijnbs573	infofile_sucess	1
/work/work/shared/s-neomics/data/incoming/organize/	dijnbs570,dijnbs573,dijnbs568,dijnbs574,dijnbs575,dijnbs576,dijnbs577	infofile_sucess	9
/work/work/shared/s-neomics/data/incoming/organize/	dijnbs574,dijnbs575,dijnbs576,dijnbs577	infofile_sucess	4
/work/work/shared/s-neomics/data/incoming/organize/	dijnbs575,dijnbs576,dijnbs577	infofile_sucess	1
/work/work/shared/s-neomics/data/incoming/organize/	dijnbs577	infofile_sucess	4
/work/work/shared/s-neomics/data/incoming/organize/	dijnbs578,dijnbs579,dijnbs580,dijnbs581,dijnbs582,dijnbs584,dijnbs585,dijnbs586,dijnbs588,dijnbs589,dijnbs592,dijnbs593,dijnbs594,dijnbs596	infofile_sucess	1
/work/work/shared/s-neomics/data/incoming/organize/	dijnbs595,dijnbs598,dijnbs599,dijnbs581,dijnbs582,dijnbs584,dijnbs585,dijnbs586,dijnbs588,dijnbs589,dijnbs592,dijnbs593,dijnbs594,dijnbs596,dijnbs590	infofile_sucess	1
/work/work/shared/s-neomics/data/incoming/organize/	dijnbs595,dijnbs598,dijnbs599,dijnbs587,dijnbs591,dijnbs597,dijnbs600,dijnbs601,dijnbs581,dijnbs582,dijnbs584,dijnbs585,dijnbs586,dijnbs588,dijnbs589,dijnbs592,dijnbs593,dijnbs594,dijnbs596,dijnbs590,dijnbs583	infofile_sucess	5
/work/work/shared/s-neomics/data/incoming/organize/	dijnbs595,dijnbs598,dijnbs599,dijnbs587,dijnbs591,dijnbs597,dijnbs600,dijnbs601,dijnbs584,dijnbs585,dijnbs586,dijnbs588,dijnbs589,dijnbs592,dijnbs593,dijnbs594,dijnbs596,dijnbs590	infofile_sucess	6
/work/work/shared/s-neomics/data/incoming/organize/	dijnbs595,dijnbs598,dijnbs599,dijnbs587,dijnbs591,dijnbs597,dijnbs600,dijnbs601,dijnbs586,dijnbs588,dijnbs589,dijnbs592,dijnbs593,dijnbs594,dijnbs596,dijnbs590	infofile_sucess	1
/work/work/shared/s-neomics/data/incoming/organize/	dijnbs595,dijnbs598,dijnbs599,dijnbs587,dijnbs591,dijnbs597,dijnbs600,dijnbs601,dijnbs588,dijnbs589,dijnbs592,dijnbs593,dijnbs594,dijnbs596,dijnbs590	infofile_sucess	4
/work/work/shared/s-neomics/data/incoming/organize/	dijnbs595,dijnbs598,dijnbs599,dijnbs591,dijnbs597,dijnbs600,dijnbs601,dijnbs589,dijnbs592,dijnbs593,dijnbs594,dijnbs596,dijnbs590	infofile_sucess	1
/work/work/shared/s-neomics/data/incoming/organize/	dijnbs595,dijnbs598,dijnbs599,dijnbs591,dijnbs597,dijnbs600,dijnbs601,dijnbs592,dijnbs593,dijnbs594,dijnbs596,dijnbs590	infofile_sucess	4
/work/work/shared/s-neomics/data/incoming/organize/	dijnbs595,dijnbs598,dijnbs599,dijnbs591,dijnbs597,dijnbs600,dijnbs601,dijnbs592,dijnbs593,dijnbs594,dijnbs596	infofile_sucess	1
/work/work/shared/s-neomics/data/incoming/organize/	dijnbs595,dijnbs598,dijnbs599,dijnbs597,dijnbs600,dijnbs601,dijnbs593,dijnbs594,dijnbs596	infofile_sucess	5
/work/work/shared/s-neomics/data/incoming/organize/	dijnbs595,dijnbs598,dijnbs599,dijnbs597,dijnbs600,dijnbs601,dijnbs596	infofile_sucess	1
/work/work/shared/s-neomics/data/incoming/organize/	dijnbs598,dijnbs599,dijnbs597,dijnbs600,dijnbs601,dijnbs596	infofile_sucess	5
/work/work/shared/s-neomics/data/incoming/organize/	dijnbs599,dijnbs600,dijnbs601	infofile_sucess	1
/work/work/shared/s-neomics/data/analyse/emergency/incoming/organize/	dijnbs578,dijnbs579,dijnbs580,dijnbs581,dijnbs582,dijnbs583,dijnbs584,dijnbs585,dijnbs586,dijnbs587,dijnbs588,dijnbs589,dijnbs590,dijnbs591,dijnbs592,dijnbs593,dijnbs594,dijnbs595,dijnbs596,dijnbs597,dijnbs598,dijnbs599,dijnbs600,dijnbs601	infofile_sucess	1
/work/work/shared/s-neomics/data/analyse/emergency/incoming/organize/	dijnbs581,dijnbs582,dijnbs583,dijnbs584,dijnbs585,dijnbs586,dijnbs587,dijnbs588,dijnbs589,dijnbs590,dijnbs591,dijnbs592,dijnbs593,dijnbs594,dijnbs595,dijnbs596,dijnbs597,dijnbs598,dijnbs599,dijnbs600,dijnbs601	infofile_sucess	1
/work/work/shared/s-neomics/data/analyse/emergency/incoming/organize/	dijnbs584,dijnbs585,dijnbs586,dijnbs587,dijnbs588,dijnbs589,dijnbs590,dijnbs591,dijnbs592,dijnbs593,dijnbs594,dijnbs595,dijnbs596,dijnbs597,dijnbs598,dijnbs599,dijnbs600,dijnbs601	infofile_sucess	4
/work/work/shared/s-neomics/data/analyse/emergency/incoming/organize/	dijnbs587,dijnbs588,dijnbs589,dijnbs590,dijnbs591,dijnbs592,dijnbs593,dijnbs594,dijnbs595,dijnbs596,dijnbs597,dijnbs598,dijnbs599,dijnbs600,dijnbs601	infofile_sucess	4
/work/work/shared/s-neomics/data/analyse/emergency/incoming/organize/	dijnbs590,dijnbs591,dijnbs592,dijnbs593,dijnbs594,dijnbs595,dijnbs596,dijnbs597,dijnbs598,dijnbs599,dijnbs600,dijnbs601	infofile_sucess	4
/work/work/shared/s-neomics/data/analyse/emergency/incoming/organize/	dijnbs593,dijnbs594,dijnbs595,dijnbs596,dijnbs597,dijnbs598,dijnbs599,dijnbs600,dijnbs601	infofile_sucess	4
/work/work/shared/s-neomics/data/analyse/emergency/incoming/organize/	dijnbs596,dijnbs597,dijnbs598,dijnbs599,dijnbs600,dijnbs601	infofile_sucess	4
/work/work/shared/s-neomics/data/analyse/emergency/incoming/organize/	dijnbs599,dijnbs600,dijnbs601	infofile_sucess	4
/work/work/shared/s-neomics/data/analyse/emergency/incoming/organize/	dijnbs545,dijnbs550,dijnbs551,dijnbs555,dijnbs558,dijnbs564,dijnbs566	infofile_sucess	2
/work/work/shared/s-neomics/data/analyse/emergency/incoming/organize/	dijnbs555,dijnbs558,dijnbs564,dijnbs566	infofile_sucess	6
/work/work/shared/s-neomics/data/analyse/emergency/incoming/organize/	dijnbs566	infofile_sucess	6
/work/work/shared/s-neomics/data/analyse/emergency/incoming/organize/	dijnbs588,dijnbs589,dijnbs590,dijnbs591,dijnbs594,dijnbs595,dijnbs598,dijnbs599,dijnbs545,dijnbs550,dijnbs551,dijnbs555,dijnbs558,dijnbs564,dijnbs566,dijnbs578,dijnbs579,dijnbs580,dijnbs581,dijnbs582,dijnbs583,dijnbs584,dijnbs585,dijnbs586,dijnbs587,dijnbs592,dijnbs593,dijnbs596,dijnbs597,dijnbs600,dijnbs601	infofile_sucess	2
/work/work/shared/s-neomics/data/analyse/emergency/incoming/organize/	dijnbs588,dijnbs589,dijnbs590,dijnbs591,dijnbs594,dijnbs595,dijnbs598,dijnbs599,dijnbs555,dijnbs558,dijnbs564,dijnbs566,dijnbs578,dijnbs579,dijnbs580,dijnbs581,dijnbs582,dijnbs583,dijnbs584,dijnbs585,dijnbs586,dijnbs587,dijnbs592,dijnbs593,dijnbs596,dijnbs597,dijnbs600,dijnbs601	infofile_sucess	4
/work/work/shared/s-neomics/data/analyse/emergency/incoming/organize/	dijnbs588,dijnbs589,dijnbs590,dijnbs591,dijnbs594,dijnbs595,dijnbs598,dijnbs599,dijnbs566,dijnbs578,dijnbs579,dijnbs580,dijnbs581,dijnbs582,dijnbs583,dijnbs584,dijnbs585,dijnbs586,dijnbs587,dijnbs592,dijnbs593,dijnbs596,dijnbs597,dijnbs600,dijnbs601	infofile_sucess	4
/work/work/shared/s-neomics/data/analyse/emergency/incoming/organize/	dijnbs588,dijnbs589,dijnbs590,dijnbs591,dijnbs594,dijnbs595,dijnbs598,dijnbs599,dijnbs580,dijnbs581,dijnbs582,dijnbs583,dijnbs584,dijnbs585,dijnbs586,dijnbs587,dijnbs592,dijnbs593,dijnbs596,dijnbs597,dijnbs600,dijnbs601	infofile_sucess	4
/work/work/shared/s-neomics/data/analyse/emergency/incoming/organize/	dijnbs588,dijnbs589,dijnbs590,dijnbs591,dijnbs594,dijnbs595,dijnbs598,dijnbs599,dijnbs583,dijnbs584,dijnbs585,dijnbs586,dijnbs587,dijnbs592,dijnbs593,dijnbs596,dijnbs597,dijnbs600,dijnbs601	infofile_sucess	4
/work/work/shared/s-neomics/data/analyse/emergency/incoming/organize/	dijnbs588,dijnbs589,dijnbs590,dijnbs591,dijnbs594,dijnbs595,dijnbs598,dijnbs599,dijnbs586,dijnbs587,dijnbs592,dijnbs593,dijnbs596,dijnbs597,dijnbs600,dijnbs601	infofile_sucess	4
/work/work/shared/s-neomics/data/analyse/emergency/incoming/organize/	dijnbs589,dijnbs590,dijnbs591,dijnbs594,dijnbs595,dijnbs598,dijnbs599,dijnbs592,dijnbs593,dijnbs596,dijnbs597,dijnbs600,dijnbs601	infofile_sucess	4
/work/work/shared/s-neomics/data/analyse/emergency/incoming/organize/	dijnbs594,dijnbs595,dijnbs598,dijnbs599,dijnbs592,dijnbs593,dijnbs596,dijnbs597,dijnbs600,dijnbs601	infofile_sucess	4
/work/work/shared/s-neomics/data/analyse/emergency/incoming/organize/	dijnbs595,dijnbs598,dijnbs599,dijnbs596,dijnbs597,dijnbs600,dijnbs601	infofile_sucess	4
/work/work/shared/s-neomics/data/analyse/emergency/incoming/organize/	dijnbs598,dijnbs599,dijnbs600,dijnbs601	infofile_sucess	4
/work/work/shared/s-neomics/data/analyse/emergency/incoming/organize/	dijnbs600,dijnbs601	infofile_sucess	4
/work/work/shared/s-neomics/data/incoming/organize/	dijex10389,dijex10390,dijex10391,dijex10392,dijex10393,dijex10394,dijex10395,dijex10396,dijex10397,dijex10398,dijex10399,dijex10400,dijex10401,dijex10402,dijex10403,dijex10404,dijex10405,dijex10406,dijex10407,dijex10408,dijex10409,dijex10384,dijex10370,dijex10371,dijex10372,dijex10373,dijex10375,dijex10378,dijex10379,dijex10380,dijex10381,dijex10382,dijex10383,dijex10385,dijex10386,dijex10387,dijex10388	infofile_sucess	1
/work/work/shared/s-neomics/data/incoming/organize/	dijex10389,dijex10390,dijex10391,dijex10392,dijex10393,dijex10394,dijex10395,dijex10396,dijex10397,dijex10398,dijex10399,dijex10400,dijex10401,dijex10402,dijex10403,dijex10404,dijex10405,dijex10406,dijex10407,dijex10408,dijex10409,dijex10384,dijex10375,dijex10378,dijex10379,dijex10380,dijex10381,dijex10382,dijex10383,dijex10385,dijex10386,dijex10387,dijex10388	infofile_sucess	1
/work/work/shared/s-neomics/data/incoming/organize/	dijnbs602	infofile_sucess	1
/work/work/shared/s-neomics/data/incoming/organize/	dijnbs623	infofile_sucess	1
/work/work/shared/s-neomics/data/incoming/organize/	dijnbs619	infofile_sucess	1
/work/work/shared/s-neomics/data/incoming/organize/	dijnbs603,dijnbs604,dijnbs605,dijnbs607,dijnbs611,dijnbs612,dijnbs617	infofile_sucess	1
/work/work/shared/s-neomics/data/incoming/organize/	dijnbs604,dijnbs605,dijnbs607,dijnbs611,dijnbs612,dijnbs617	infofile_sucess	1
/work/work/shared/s-neomics/data/incoming/organize/	dijnbs604,dijnbs605,dijnbs607,dijnbs611,dijnbs612,dijnbs617,dijnbs606,dijnbs608,dijnbs609,dijnbs610,dijnbs613,dijnbs614,dijnbs615,dijnbs616,dijnbs618,dijnbs624	infofile_sucess	1
/work/work/shared/s-neomics/data/incoming/organize/	dijnbs625,dijnbs627,dijnbs628,dijnbs629,dijnbs630,dijnbs604,dijnbs605,dijnbs607,dijnbs611,dijnbs612,dijnbs617,dijnbs606,dijnbs608,dijnbs609,dijnbs610,dijnbs613,dijnbs614,dijnbs615,dijnbs616,dijnbs618,dijnbs624	infofile_sucess	1
/work/work/shared/s-neomics/data/incoming/organize/	dijnbs625,dijnbs627,dijnbs628,dijnbs629,dijnbs630,dijnbs622,dijnbs632,dijnbs604,dijnbs605,dijnbs607,dijnbs611,dijnbs612,dijnbs617,dijnbs606,dijnbs608,dijnbs609,dijnbs610,dijnbs613,dijnbs614,dijnbs615,dijnbs616,dijnbs618,dijnbs624	infofile_sucess	1
/work/work/shared/s-neomics/data/incoming/organize/	dijnbs625,dijnbs627,dijnbs628,dijnbs629,dijnbs630,dijnbs622,dijnbs632,dijnbs620,dijnbs631,dijnbs604,dijnbs605,dijnbs607,dijnbs611,dijnbs612,dijnbs617,dijnbs606,dijnbs608,dijnbs609,dijnbs610,dijnbs613,dijnbs614,dijnbs615,dijnbs616,dijnbs618,dijnbs624	infofile_sucess	2
/work/work/shared/s-neomics/data/incoming/organize/	dijnbs625,dijnbs627,dijnbs628,dijnbs629,dijnbs630,dijnbs622,dijnbs632,dijnbs620,dijnbs631,dijnbs607,dijnbs611,dijnbs612,dijnbs617,dijnbs608,dijnbs609,dijnbs610,dijnbs613,dijnbs614,dijnbs615,dijnbs616,dijnbs618,dijnbs624	infofile_sucess	1
/work/work/shared/s-neomics/data/incoming/organize/	dijnbs625,dijnbs627,dijnbs628,dijnbs629,dijnbs630,dijnbs622,dijnbs632,dijnbs620,dijnbs631,dijnbs621,dijnbs626,dijnbs607,dijnbs611,dijnbs612,dijnbs617,dijnbs608,dijnbs609,dijnbs610,dijnbs613,dijnbs614,dijnbs615,dijnbs616,dijnbs618,dijnbs624	infofile_sucess	3
/work/work/shared/s-neomics/data/incoming/organize/	dijnbs625,dijnbs627,dijnbs628,dijnbs629,dijnbs630,dijnbs622,dijnbs632,dijnbs620,dijnbs631,dijnbs621,dijnbs626,dijnbs611,dijnbs612,dijnbs617,dijnbs610,dijnbs613,dijnbs614,dijnbs615,dijnbs616,dijnbs618,dijnbs624	infofile_sucess	4
/work/work/shared/s-neomics/data/incoming/organize/	dijnbs625,dijnbs627,dijnbs628,dijnbs629,dijnbs630,dijnbs622,dijnbs632,dijnbs620,dijnbs631,dijnbs621,dijnbs626,dijnbs611,dijnbs612,dijnbs617,dijnbs613,dijnbs614,dijnbs615,dijnbs616,dijnbs618,dijnbs624	infofile_sucess	1
/work/work/shared/s-neomics/data/incoming/organize/	dijnbs625,dijnbs627,dijnbs628,dijnbs629,dijnbs630,dijnbs622,dijnbs632,dijnbs620,dijnbs631,dijnbs621,dijnbs626,dijnbs617,dijnbs613,dijnbs614,dijnbs615,dijnbs616,dijnbs618,dijnbs624	infofile_sucess	4
/work/work/shared/s-neomics/data/incoming/organize/	dijnbs625,dijnbs627,dijnbs628,dijnbs629,dijnbs630,dijnbs622,dijnbs632,dijnbs620,dijnbs631,dijnbs621,dijnbs626,dijnbs617,dijnbs615,dijnbs616,dijnbs618,dijnbs624	infofile_sucess	1
/work/work/shared/s-neomics/data/incoming/organize/	dijnbs625,dijnbs627,dijnbs628,dijnbs629,dijnbs630,dijnbs622,dijnbs632,dijnbs620,dijnbs631,dijnbs621,dijnbs626,dijnbs617,dijnbs616,dijnbs618,dijnbs624	infofile_sucess	4
/work/work/shared/s-neomics/data/incoming/organize/	dijnbs625,dijnbs627,dijnbs628,dijnbs629,dijnbs630,dijnbs622,dijnbs632,dijnbs620,dijnbs631,dijnbs621,dijnbs626,dijnbs618,dijnbs624	infofile_sucess	1
/work/work/shared/s-neomics/data/incoming/organize/	dijnbs625,dijnbs627,dijnbs628,dijnbs629,dijnbs630,dijnbs622,dijnbs632,dijnbs620,dijnbs631,dijnbs621,dijnbs626,dijnbs624	infofile_sucess	3
/work/work/shared/s-neomics/data/incoming/organize/	dijnbs625,dijnbs627,dijnbs628,dijnbs629,dijnbs630,dijnbs622,dijnbs632,dijnbs631,dijnbs621,dijnbs626,dijnbs624	infofile_sucess	1
/work/work/shared/s-neomics/data/incoming/organize/	dijnbs625,dijnbs627,dijnbs628,dijnbs629,dijnbs630,dijnbs622,dijnbs632,dijnbs631,dijnbs626,dijnbs624	infofile_sucess	1
/work/work/shared/s-neomics/data/incoming/organize/	dijnbs625,dijnbs627,dijnbs628,dijnbs629,dijnbs630,dijnbs632,dijnbs631,dijnbs626,dijnbs624	infofile_sucess	5
/work/work/shared/s-neomics/data/incoming/organize/	dijnbs625,dijnbs627,dijnbs628,dijnbs629,dijnbs630,dijnbs632,dijnbs631,dijnbs626	infofile_sucess	2
/work/work/shared/s-neomics/data/incoming/organize/	dijnbs627,dijnbs628,dijnbs629,dijnbs630,dijnbs632,dijnbs631,dijnbs626	infofile_sucess	4
/work/work/shared/s-neomics/data/incoming/organize/	dijnbs627,dijnbs628,dijnbs629,dijnbs630,dijnbs632,dijnbs631	infofile_sucess	1
/work/work/shared/s-neomics/data/incoming/organize/	dijnbs628,dijnbs629,dijnbs630,dijnbs632,dijnbs631	infofile_sucess	1
/work/work/shared/s-neomics/data/incoming/organize/	dijnbs629,dijnbs630,dijnbs632,dijnbs631	infofile_sucess	4
/work/work/shared/s-neomics/data/incoming/organize/	dijnbs630,dijnbs632,dijnbs631	infofile_sucess	1
/work/work/shared/s-neomics/data/incoming/organize/	dijnbs632,dijnbs631	infofile_sucess	4
/work/work/shared/s-neomics/data/incoming/organize/	dijnbs641,dijnbs650	infofile_sucess	1
/work/work/shared/s-neomics/data/incoming/organize/	dijnbs642	infofile_sucess	1
/work/work/shared/s-neomics/data/incoming/organize/	dijip004	infofile_sucess	1
/work/work/shared/s-neomics/data/incoming/organize/	dijip004,dijip005	infofile_sucess	2
/work/work/shared/s-neomics/data/incoming/organize/	dijip004,dijip005,dijip006	infofile_sucess	1
/work/work/shared/s-neomics/data/incoming/organize/	dijip004,dijip005,dijip006,dijip007	infofile_sucess	1
/work/work/shared/s-neomics/data/incoming/organize/	dijip004,dijip005,dijip006,dijip007,dijip008	infofile_sucess	1
/work/work/shared/s-neomics/data/incoming/organize/	dijip004,dijip005,dijip006,dijip007,dijip008,dijip009	infofile_sucess	1
/work/work/shared/s-neomics/data/incoming/organize/	dijip004,dijip005,dijip006,dijip007,dijip008,dijip009,dijip010	infofile_sucess	2
/work/work/shared/s-neomics/data/incoming/organize/	dijip004,dijip005,dijip006,dijip007,dijip008,dijip009,dijip010,dijip011	infofile_sucess	1
/work/work/shared/s-neomics/data/incoming/organize/	dijip004,dijip005,dijip006,dijip007,dijip008,dijip009,dijip010,dijip011,dijip016	infofile_sucess	1
/work/work/shared/s-neomics/data/incoming/organize/	dijip004,dijip005,dijip006,dijip007,dijip008,dijip009,dijip010,dijip011,dijip016,dijip017	infofile_sucess	1
/work/work/shared/s-neomics/data/incoming/organize/	dijip004,dijip005,dijip006,dijip007,dijip008,dijip009,dijip010,dijip011,dijip016,dijip017,dijip018	infofile_sucess	1
/work/work/shared/s-neomics/data/incoming/organize/	dijip004,dijip005,dijip006,dijip007,dijip008,dijip009,dijip010,dijip011,dijip016,dijip017,dijip018,dijip019	infofile_sucess	514
/work/work/shared/s-neomics/data/incoming/organize/	dijnbs646,dijnbs647,dijnbs648,dijnbs649,dijnbs651,dijnbs652,dijnbs654,dijnbs655,dijnbs656,dijnbs657,dijip004,dijip005,dijip006,dijip007,dijip008,dijip009,dijip010,dijip011,dijip016,dijip017,dijip018,dijip019,dijnbs633,dijnbs634,dijnbs635,dijnbs636,dijnbs637,dijnbs638,dijnbs639,dijnbs640,dijnbs643,dijnbs644,dijnbs645	infofile_sucess	1
/work/work/shared/s-neomics/data/incoming/organize/	dijnbs646,dijnbs647,dijnbs648,dijnbs649,dijnbs651,dijnbs652,dijnbs654,dijnbs655,dijnbs656,dijnbs657,dijip004,dijip005,dijip006,dijip007,dijip008,dijip009,dijip010,dijip011,dijip016,dijip017,dijip018,dijip019,dijnbs636,dijnbs637,dijnbs638,dijnbs639,dijnbs640,dijnbs643,dijnbs644,dijnbs645	infofile_sucess	2
/work/work/shared/s-neomics/data/incoming/organize/	dijnbs646,dijnbs647,dijnbs648,dijnbs649,dijnbs651,dijnbs652,dijnbs654,dijnbs655,dijnbs656,dijnbs657,dijnbs586,dijnbs653,dijip004,dijip005,dijip006,dijip007,dijip008,dijip009,dijip010,dijip011,dijip016,dijip017,dijip018,dijip019,dijnbs636,dijnbs637,dijnbs638,dijnbs639,dijnbs640,dijnbs643,dijnbs644,dijnbs645	infofile_sucess	3
/work/work/shared/s-neomics/data/incoming/organize/	dijnbs646,dijnbs647,dijnbs648,dijnbs649,dijnbs651,dijnbs652,dijnbs654,dijnbs655,dijnbs656,dijnbs657,dijip004,dijip005,dijip006,dijip007,dijip008,dijip009,dijip010,dijip011,dijip016,dijip017,dijip018,dijip019,dijnbs637,dijnbs638,dijnbs639,dijnbs640,dijnbs643,dijnbs644,dijnbs645	infofile_sucess	4
/work/work/shared/s-neomics/data/incoming/organize/	dijnbs646,dijnbs647,dijnbs648,dijnbs649,dijnbs651,dijnbs652,dijnbs654,dijnbs655,dijnbs656,dijnbs657,dijip004,dijip005,dijip006,dijip007,dijip008,dijip009,dijip010,dijip011,dijip016,dijip017,dijip018,dijip019,dijnbs639,dijnbs640,dijnbs643,dijnbs644,dijnbs645	infofile_sucess	3
/work/work/shared/s-neomics/data/incoming/organize/	dijnbs646,dijnbs647,dijnbs648,dijnbs649,dijnbs651,dijnbs652,dijnbs654,dijnbs655,dijnbs656,dijnbs657,dijip004,dijip005,dijip006,dijip007,dijip008,dijip009,dijip010,dijip011,dijip016,dijip017,dijip018,dijip019,dijnbs640,dijnbs643,dijnbs644,dijnbs645	infofile_sucess	3
/work/work/shared/s-neomics/data/incoming/organize/	dijnbs646,dijnbs647,dijnbs648,dijnbs649,dijnbs651,dijnbs652,dijnbs654,dijnbs655,dijnbs656,dijnbs657,dijip004,dijip005,dijip006,dijip007,dijip008,dijip009,dijip010,dijip011,dijip016,dijip017,dijip018,dijip019,dijnbs644,dijnbs645	infofile_sucess	2
/work/work/shared/s-neomics/data/incoming/organize/	dijnbs646,dijnbs647,dijnbs648,dijnbs649,dijnbs651,dijnbs652,dijnbs654,dijnbs655,dijnbs656,dijnbs657,dijip004,dijip005,dijip006,dijip007,dijip008,dijip009,dijip010,dijip011,dijip016,dijip017,dijip018,dijip019,dijnbs645	infofile_sucess	4
/work/work/shared/s-neomics/data/incoming/organize/	dijnbs647,dijnbs648,dijnbs649,dijnbs651,dijnbs652,dijnbs654,dijnbs655,dijnbs656,dijnbs657,dijip004,dijip005,dijip006,dijip007,dijip008,dijip009,dijip010,dijip011,dijip016,dijip017,dijip018,dijip019	infofile_sucess	1
/work/work/shared/s-neomics/data/incoming/organize/	dijnbs648,dijnbs649,dijnbs651,dijnbs652,dijnbs654,dijnbs655,dijnbs656,dijnbs657,dijip004,dijip005,dijip006,dijip007,dijip008,dijip009,dijip010,dijip011,dijip016,dijip017,dijip018,dijip019	infofile_sucess	4
/work/work/shared/s-neomics/data/incoming/organize/	dijnbs649,dijnbs651,dijnbs652,dijnbs654,dijnbs655,dijnbs656,dijnbs657,dijip004,dijip005,dijip006,dijip007,dijip008,dijip009,dijip010,dijip011,dijip016,dijip017,dijip018,dijip019	infofile_sucess	1
/work/work/shared/s-neomics/data/incoming/organize/	dijnbs651,dijnbs652,dijnbs654,dijnbs655,dijnbs656,dijnbs657,dijip004,dijip005,dijip006,dijip007,dijip008,dijip009,dijip010,dijip011,dijip016,dijip017,dijip018,dijip019	infofile_sucess	1
/work/work/shared/s-neomics/data/incoming/organize/	dijnbs652,dijnbs654,dijnbs655,dijnbs656,dijnbs657,dijip004,dijip005,dijip006,dijip007,dijip008,dijip009,dijip010,dijip011,dijip016,dijip017,dijip018,dijip019	infofile_sucess	4
/work/work/shared/s-neomics/data/incoming/organize/	dijnbs654,dijnbs655,dijnbs656,dijnbs657,dijip004,dijip005,dijip006,dijip007,dijip008,dijip009,dijip010,dijip011,dijip016,dijip017,dijip018,dijip019	infofile_sucess	1
/work/work/shared/s-neomics/data/incoming/organize/	dijnbs655,dijnbs656,dijnbs657,dijip004,dijip005,dijip006,dijip007,dijip008,dijip009,dijip010,dijip011,dijip016,dijip017,dijip018,dijip019	infofile_sucess	1
/work/work/shared/s-neomics/data/incoming/organize/	dijnbs656,dijnbs657,dijip004,dijip005,dijip006,dijip007,dijip008,dijip009,dijip010,dijip011,dijip016,dijip017,dijip018,dijip019	infofile_sucess	3
/work/work/shared/s-neomics/data/incoming/organize/	dijnbs657,dijip004,dijip005,dijip006,dijip007,dijip008,dijip009,dijip010,dijip011,dijip016,dijip017,dijip018,dijip019	infofile_sucess	2
/work/work/shared/s-neomics/data/incoming/organize/	dijip004,dijip005,dijip006,dijip007,dijip008,dijip009,dijip010,dijip011,dijip016,dijip017,dijip018,dijip019,dijnbs658,dijnbs659,dijnbs660,dijnbs661,dijnbs662,dijnbs663,dijnbs664,dijnbs665,dijnbs666,dijnbs667	infofile_sucess	1
/work/work/shared/s-neomics/data/incoming/organize/	dijip004,dijip005,dijip006,dijip007,dijip008,dijip009,dijip010,dijip011,dijip016,dijip017,dijip018,dijip019,dijnbs661,dijnbs662,dijnbs663,dijnbs664,dijnbs665,dijnbs666,dijnbs667	infofile_sucess	9
/work/work/shared/s-neomics/data/incoming/organize/	dijip004,dijip005,dijip006,dijip007,dijip008,dijip009,dijip010,dijip011,dijip016,dijip017,dijip018,dijip019,dijnbs664,dijnbs665,dijnbs666,dijnbs667	infofile_sucess	6
/work/work/shared/s-neomics/data/incoming/organize/	dijip004,dijip005,dijip006,dijip007,dijip008,dijip009,dijip010,dijip011,dijip016,dijip017,dijip018,dijip019,dijnbs667	infofile_sucess	5
/work/work/shared/s-neomics/data/incoming/organize/	dijnbs657	infofile_sucess	1
/work/work/shared/s-neomics/data/incoming/organize/	dijnbs668,dijnbs669,dijnbs670,dijnbs671,dijnbs672	infofile_sucess	1
/work/work/shared/s-neomics/data/incoming/organize/	dijnbs671,dijnbs672,dijnbs673,dijnbs674,dijnbs675,dijnbs676,dijnbs677	infofile_sucess	10
/work/work/shared/s-neomics/data/incoming/organize/	dijnbs674,dijnbs675,dijnbs676,dijnbs677	infofile_sucess	5
/work/work/shared/s-neomics/data/incoming/organize/	dijnbs677	infofile_sucess	5
/work/work/shared/s-neomics/data/incoming/organize/	dijnbs680,dijnbs682,dijnbs684,dijnbs685,dijnbs687	infofile_sucess	1
/work/work/shared/s-neomics/data/incoming/organize/	dijnbs685,dijnbs687,dijnbs678,dijnbs679,dijnbs681,dijnbs683,dijnbs686,dijnbs688	infofile_sucess	2
/work/work/shared/s-neomics/data/incoming/organize/	dijnbs685,dijnbs687,dijnbs678,dijnbs679,dijnbs681,dijnbs683,dijnbs686,dijnbs688,dijnbs693,dijnbs694,dijnbs695,dijnbs696	infofile_sucess	1
/work/work/shared/s-neomics/data/incoming/organize/	dijnbs692,dijnbs685,dijnbs687,dijnbs678,dijnbs679,dijnbs681,dijnbs683,dijnbs686,dijnbs688,dijnbs693,dijnbs694,dijnbs695,dijnbs696,dijen2244,dijen2245,dijen2246,dijnbs689,dijnbs691	infofile_sucess	2
/work/work/shared/s-neomics/data/incoming/organize/	dijnbs692,dijnbs690,dijnbs685,dijnbs687,dijnbs678,dijnbs679,dijnbs681,dijnbs683,dijnbs686,dijnbs688,dijnbs693,dijnbs694,dijnbs695,dijnbs696,dijen2244,dijen2245,dijen2246,dijnbs689,dijnbs691	infofile_sucess	5
/work/work/shared/s-neomics/data/incoming/organize/	dijnbs692,dijnbs690,dijnbs685,dijnbs687,dijnbs683,dijnbs686,dijnbs688,dijnbs693,dijnbs694,dijnbs695,dijnbs696,dijen2244,dijen2245,dijen2246,dijnbs689,dijnbs691	infofile_sucess	10
/work/work/shared/s-neomics/data/incoming/organize/	dijnbs692,dijnbs690,dijnbs687,dijnbs688,dijnbs693,dijnbs694,dijnbs695,dijnbs696,dijen2244,dijen2245,dijen2246,dijnbs689,dijnbs691	infofile_sucess	7
/work/work/shared/s-neomics/data/incoming/organize/	dijnbs692,dijnbs690,dijnbs693,dijnbs694,dijnbs695,dijnbs696,dijen2244,dijen2245,dijen2246,dijnbs691	infofile_sucess	5
/work/work/shared/s-neomics/data/incoming/organize/	dijnbs692,dijnbs693,dijnbs694,dijnbs695,dijnbs696,dijen2244,dijen2245,dijen2246,dijnbs691	infofile_sucess	1
/work/work/shared/s-neomics/data/incoming/organize/	dijnbs692,dijnbs693,dijnbs694,dijnbs695,dijnbs696,dijen2244,dijen2245,dijen2246	infofile_sucess	1
/work/work/shared/s-neomics/data/incoming/organize/	dijnbs694,dijnbs695,dijnbs696,dijen2244,dijen2245,dijen2246	infofile_sucess	1
/work/work/shared/s-neomics/data/incoming/organize/	dijnbs696,dijen2244,dijen2245,dijen2246	infofile_sucess	1
/work/work/shared/s-neomics/data/incoming/organize/	dijen2244,dijen2245,dijen2246	infofile_sucess	17
/work/work/shared/s-neomics/data/incoming/organize/	dijex10435,dijex10436,dijex10437,dijex10438,dijex10439,dijex10440,dijex10441,dijex10442,dijex10443,dijex10444,dijex10445,dijex10446,dijex10447,dijex10448,dijex10449,dijex10410,dijex10411,dijex10412,dijex10413,dijex10414,dijex10415,dijex10416,dijex10417,dijex10418,dijex10419,dijex10420,dijex10421,dijex10422,dijex10423,dijex10424,dijex10425,dijex10426,dijex10427,dijex10428,dijex10429,dijex10430,dijex10431,dijex10432,dijex10433,dijex10434	infofile_sucess	1
/work/work/shared/s-neomics/data/incoming/organize/	dijex10435,dijex10436,dijex10437,dijex10438,dijex10439,dijex10440,dijex10441,dijex10442,dijex10443,dijex10444,dijex10445,dijex10446,dijex10447,dijex10448,dijex10449,dijnbs697,dijex10416,dijex10417,dijex10418,dijex10419,dijex10420,dijex10421,dijex10422,dijex10423,dijex10424,dijex10425,dijex10426,dijex10427,dijex10428,dijex10429,dijex10430,dijex10431,dijex10432,dijex10433,dijex10434	infofile_sucess	1
/work/work/shared/s-neomics/data/incoming/organize/	dijex10435,dijex10436,dijex10437,dijex10438,dijex10439,dijex10440,dijex10441,dijex10442,dijex10443,dijex10444,dijex10445,dijex10446,dijex10447,dijex10448,dijex10449,dijex10419,dijex10420,dijex10421,dijex10422,dijex10423,dijex10424,dijex10425,dijex10426,dijex10427,dijex10428,dijex10429,dijex10430,dijex10431,dijex10432,dijex10433,dijex10434	infofile_sucess	1
/work/work/shared/s-neomics/data/incoming/organize/	dijex10435,dijex10436,dijex10437,dijex10438,dijex10439,dijex10440,dijex10441,dijex10442,dijex10443,dijex10444,dijex10445,dijex10446,dijex10447,dijex10448,dijex10449,dijex10422,dijex10423,dijex10424,dijex10425,dijex10426,dijex10427,dijex10428,dijex10429,dijex10430,dijex10431,dijex10432,dijex10433,dijex10434	infofile_sucess	1
/work/work/shared/s-neomics/data/incoming/organize/	dijex10435,dijex10436,dijex10437,dijex10438,dijex10439,dijex10440,dijex10441,dijex10442,dijex10443,dijex10444,dijex10445,dijex10446,dijex10447,dijex10448,dijex10449,dijex10425,dijex10426,dijex10427,dijex10428,dijex10429,dijex10430,dijex10431,dijex10432,dijex10433,dijex10434	infofile_sucess	1
/work/work/shared/s-neomics/data/incoming/organize/	dijex10435,dijex10436,dijex10437,dijex10438,dijex10439,dijex10440,dijex10441,dijex10442,dijex10443,dijex10444,dijex10445,dijex10446,dijex10447,dijex10448,dijex10449,dijex10425,dijex10429,dijex10430,dijex10431,dijex10432,dijex10433,dijex10434	infofile_sucess	1
/work/work/shared/s-neomics/data/incoming/organize/	dijex10435,dijex10436,dijex10437,dijex10438,dijex10439,dijex10440,dijex10441,dijex10442,dijex10443,dijex10444,dijex10445,dijex10446,dijex10447,dijex10448,dijex10449,dijex10425	infofile_sucess	1
/work/work/shared/s-neomics/data/incoming/organize/	dijex10435,dijex10439,dijex10440,dijex10441,dijex10442,dijex10443,dijex10444,dijex10445,dijex10446,dijex10447	infofile_sucess	1
/work/work/shared/s-neomics/data/incoming/organize/	dijex10444,dijex10445,dijex10446,dijex10447	infofile_sucess	1
/work/work/shared/s-neomics/data/incoming/organize/	dijen2250,dijen2251,dijen2252,dijnbs698	infofile_sucess	1
/work/work/shared/s-neomics/data/incoming/organize/	dijen2250,dijen2251,dijen2252	infofile_sucess	5
/work/work/shared/s-neomics/data/incoming/organize/	dijex10463,dijex10464,dijex10465,dijex10466,dijex10467,dijex10468,dijex10469,dijex10070,dijex10071,dijex10072,dijex10082,dijex10083,dijex10084,dijex10085,dijex10086,dijex10087,dijex10179,dijex10180,dijex10181,dijex10450,dijex10451,dijex10452,dijex10454,dijex10455,dijex10456,dijex10457,dijex10458,dijex10459,dijex10460,dijex10461,dijex10462	infofile_sucess	1
/work/work/shared/s-neomics/data/incoming/organize/	dijex10463,dijex10464,dijex10465,dijex10466,dijex10467,dijex10468,dijex10469,dijen2253,dijex10070,dijex10071,dijex10072,dijex10082,dijex10083,dijex10084,dijex10085,dijex10086,dijex10087,dijex10179,dijex10180,dijex10181,dijex10454,dijex10455,dijex10456,dijex10457,dijex10458,dijex10459,dijex10460,dijex10461,dijex10462	infofile_sucess	1
/work/work/shared/s-neomics/data/incoming/organize/	dijex10463,dijex10464,dijex10465,dijex10466,dijex10467,dijex10468,dijex10469,dijex10070,dijex10071,dijex10072,dijex10082,dijex10083,dijex10084,dijex10085,dijex10086,dijex10087,dijex10179,dijex10180,dijex10181,dijex10454,dijex10455,dijex10456,dijex10457,dijex10458,dijex10459,dijex10460,dijex10461,dijex10462	infofile_sucess	2
/work/work/shared/s-neomics/data/incoming/organize/	dijex10500,dijex10501,dijex10502,dijex10479,dijex10480,dijex10481,dijex10482,dijex10483,dijex10484,dijex10485,dijex10486,dijex10487,dijex10488,dijex10489,dijex10490,dijex10491,dijex10492,dijex10493,dijex10494,dijex10495,dijex10496,dijex10497,dijex10498,dijex10499	infofile_sucess	1
/work/work/shared/s-neomics/data/incoming/organize/	dijex10500,dijex10501,dijex10502,dijex10485,dijex10486,dijex10487,dijex10488,dijex10489,dijex10490,dijex10491,dijex10492,dijex10493,dijex10494,dijex10495,dijex10496,dijex10497,dijex10498,dijex10499	infofile_sucess	1
/work/work/shared/s-neomics/data/incoming/organize/	dijex10500,dijex10501,dijex10502,dijex10491,dijex10492,dijex10493,dijex10494,dijex10495,dijex10496,dijex10497,dijex10498,dijex10499,dijnbs699,dijnbs700	infofile_sucess	1
/work/work/shared/s-neomics/data/incoming/organize/	dijex10500,dijex10501,dijex10502,dijex10491,dijex10492,dijex10493,dijex10494,dijex10495,dijex10496,dijex10497,dijex10498,dijex10499	infofile_sucess	10
/work/work/shared/s-neomics/data/incoming/organize/	dijex10491,dijex10492,dijex10493,dijex10494,dijex10498,dijex10499	infofile_sucess	1
/work/work/shared/s-neomics/data/incoming/organize/	dijen2254,dijen2255,dijen2257,dijnbs701	infofile_sucess	1
/work/work/shared/s-neomics/data/incoming/organize/	dijen2257,dijen2256	infofile_sucess	1
/work/work/shared/s-neomics/data/incoming/organize/	dijen2255,dijen2257,dijnbs702,dijnbs703	infofile_sucess	1
/work/work/shared/s-neomics/data/incoming/organize/	dijen2257	infofile_sucess	1
/work/work/shared/s-neomics/data/incoming/organize/	dijen2254	infofile_sucess	1