/work/work/shared/s-neomics/data/incoming/	dijnbs082	dismissed_family_members	7
/work/work/shared/s-neomics/data/incoming/	dijnbs083	dismissed_family_members	7
/work/work/shared/s-neomics/data/incoming/	dijen1951	already_analyzed	4
/work/work/shared/s-neomics/data/incoming/	dijen1951	family_missing	4
/work/work/shared/s-neomics/data/incoming/	dijnbs121.R1.fastq.gz	fastq_too_small	1
/work/work/shared/s-neomics/data/incoming/	dijnbs139	family_missing	46
/work/work/shared/s-neomics/data/incoming/	dijnbs139	dismissed_family_members	1
/work/work/shared/s-neomics/data/incoming/	dijnbs205.R1.fastq.gz	paired_not_found	3
/work/work/shared/s-neomics/data/incoming/	dijnbs194	dismissed_family_members	122
/work/work/shared/s-neomics/data/incoming/	dijnbs194	family_missing	121
/work/work/shared/s-neomics/data/incoming/	dijnbs171	dismissed_family_members	75
/work/work/shared/s-neomics/data/incoming/	dijnbs171	family_missing	74
/work/work/shared/s-neomics/data/incoming/	dijnbs251.R1.fastq.gz	paired_not_found	1
/work/work/shared/s-neomics/data/incoming/	dijnbs212.ds15.R1.fastq.gz	paired_not_found	1
/work/work/shared/s-neomics/data/incoming/	dijnbs212	already_analyzed	1
/work/work/shared/s-neomics/data/incoming/	dijen2227.R2.fastq.gz	paired_not_found	1
/work/work/shared/s-neomics/data/incoming/	dijen2228	family_missing	318
/work/work/shared/s-neomics/data/incoming/	dijen2229	family_missing	318
/work/work/shared/s-neomics/data/incoming/	dijen2230	family_missing	1
/work/work/shared/s-neomics/data/incoming/	dijen2232	family_missing	1
/work/work/shared/s-neomics/data/incoming/	dijen2233	family_missing	697
/work/work/shared/s-neomics/data/incoming/	dijen2234	family_missing	19
/work/work/shared/s-neomics/data/incoming/	dijen2236	family_missing	177
/work/work/shared/s-neomics/data/incoming/	dijnbs303.R2.fastq.gz	paired_not_found	1
/work/work/shared/s-neomics/data/incoming/	dijnbs305.R1.fastq.gz	paired_not_found	1
/work/work/shared/s-neomics/data/incoming/	dijnbs306.R2.fastq.gz	paired_not_found	1
/work/work/shared/s-neomics/data/incoming/	dijnbs088	already_analyzed	1
/work/work/shared/s-neomics/data/incoming/	dijen2240.R1.fastq.gz	paired_not_found	1
/work/work/shared/s-neomics/data/incoming/	dijex10288	family_missing	1
/work/work/shared/s-neomics/data/incoming/	dijex10289	family_missing	1
/work/work/shared/s-neomics/data/incoming/	dijex10291	family_missing	75
/work/work/shared/s-neomics/data/incoming/	dijen2238	family_missing	1
/work/work/shared/s-neomics/data/incoming/	dijen2239	family_missing	72
/work/work/shared/s-neomics/data/incoming/	dijen2240	family_missing	72
/work/work/shared/s-neomics/data/incoming/	dijen2241	family_missing	72
/work/work/shared/s-neomics/data/incoming/	dijen2230	already_analyzed	1
/work/work/shared/s-neomics/data/incoming/	dijen2231	already_analyzed	1
/work/work/shared/s-neomics/data/incoming/	dijex10330.R1.fastq.gz	fastq_too_small	214
/work/work/shared/s-neomics/data/incoming/	dijex10331.R1.fastq.gz	fastq_too_small	214
/work/work/shared/s-neomics/data/incoming/	dijex10332.R1.fastq.gz	fastq_too_small	214
/work/work/shared/s-neomics/data/incoming/	dijex10333.R1.fastq.gz	fastq_too_small	214
/work/work/shared/s-neomics/data/incoming/	dijex10334.R1.fastq.gz	fastq_too_small	214
/work/work/shared/s-neomics/data/incoming/	dijex10335.R1.fastq.gz	fastq_too_small	214
/work/work/shared/s-neomics/data/incoming/	dijex10336.R1.fastq.gz	fastq_too_small	214
/work/work/shared/s-neomics/data/incoming/	dijex10337.R1.fastq.gz	fastq_too_small	214
/work/work/shared/s-neomics/data/incoming/	dijex10338.R1.fastq.gz	fastq_too_small	214
/work/work/shared/s-neomics/data/incoming/	dijex10339.R1.fastq.gz	fastq_too_small	214
/work/work/shared/s-neomics/data/incoming/	dijex10340.R1.fastq.gz	fastq_too_small	214
/work/work/shared/s-neomics/data/incoming/	dijex10341.R1.fastq.gz	fastq_too_small	214
/work/work/shared/s-neomics/data/incoming/	dijex10342.R1.fastq.gz	fastq_too_small	214
/work/work/shared/s-neomics/data/incoming/	dijex10343.R1.fastq.gz	fastq_too_small	214
/work/work/shared/s-neomics/data/incoming/	dijex10344.R1.fastq.gz	fastq_too_small	214
/work/work/shared/s-neomics/data/incoming/	dijex10345.R1.fastq.gz	fastq_too_small	214
/work/work/shared/s-neomics/data/incoming/	dijnbs486	family_missing	2
/work/work/shared/s-neomics/data/incoming/	dijex10362	family_missing	2433
/work/work/shared/s-neomics/data/incoming/	dijex10363	family_missing	2433
/work/work/shared/s-neomics/data/incoming/	dijex10362	already_analyzed	2140
/work/work/shared/s-neomics/data/incoming/	dijex10363	already_analyzed	2140
/work/work/shared/s-neomics/data/incoming/	dijnbs550	family_missing	1326
/work/work/shared/s-neomics/data/incoming/	dijnbs553	family_missing	1
/work/work/shared/s-neomics/data/incoming/	dijnbs569.R2.fastq.gz	paired_not_found	1
/work/work/shared/s-neomics/data/incoming/	dijnbs600.R1.fastq.gz	paired_not_found	1
/work/work/shared/s-neomics/data/incoming/	dijnbs549	already_analyzed	605
/work/work/shared/s-neomics/data/incoming/	dijnbs549	labkey_status_bad	605
/work/work/shared/s-neomics/data/incoming/	dijex10374	family_missing	27
/work/work/shared/s-neomics/data/incoming/	dijex10376	family_missing	27
/work/work/shared/s-neomics/data/incoming/	dijex10377	family_missing	27
/work/work/shared/s-neomics/data/incoming/	dijex10384.R2.fastq.gz	paired_not_found	23
/work/work/shared/s-neomics/data/incoming/	dijip005.R1.fastq.gz	paired_not_found	1
/work/work/shared/s-neomics/data/incoming/	dijip013	family_missing	12
/work/work/shared/s-neomics/data/incoming/	dijnbs653	family_missing	15
/work/work/shared/s-neomics/data/incoming/	dijip039.R1.fastq.gz	fastq_too_small	11
/work/work/shared/s-neomics/data/incoming/	dijip012	family_missing	11
/work/work/shared/s-neomics/data/incoming/	dijip014	family_missing	11
/work/work/shared/s-neomics/data/incoming/	dijip015	family_missing	11
/work/work/shared/s-neomics/data/incoming/	dijip028	family_missing	11
/work/work/shared/s-neomics/data/incoming/	dijip029	family_missing	11
/work/work/shared/s-neomics/data/incoming/	dijip030	family_missing	11
/work/work/shared/s-neomics/data/incoming/	dijip031	family_missing	11
/work/work/shared/s-neomics/data/incoming/	dijnbs586	already_analyzed	1
/work/work/shared/s-neomics/data/incoming/	dijnbs691.R1.fastq.gz	paired_not_found	1
/work/work/shared/s-neomics/data/incoming/	dijen2245	family_missing	4
/work/work/shared/s-neomics/data/incoming/	dijen2246	family_missing	4
/work/work/shared/s-neomics/data/incoming/	dijen2247	family_missing	857
/work/work/shared/s-neomics/data/incoming/	dijen2248	family_missing	857
/work/work/shared/s-neomics/data/incoming/	dijen2249	family_missing	857
/work/work/shared/s-neomics/data/incoming/	dijen2247	already_analyzed	14
/work/work/shared/s-neomics/data/incoming/	dijen2248	already_analyzed	14
/work/work/shared/s-neomics/data/incoming/	dijen2249	already_analyzed	14
/work/work/shared/s-neomics/data/incoming/	dijex10453	family_missing	5
/work/work/shared/s-neomics/data/incoming/	dijen2255	already_analyzed	1
/work/work/shared/s-neomics/data/incoming/	dijen2257	already_analyzed	1
/work/work/shared/s-neomics/data/incoming/	dijen2254	already_analyzed	1