2025-11-05 10:42:19,389 - INFO - Connexion à MongoDB réussie.
2025-11-05 10:42:19,390 - INFO - Vérification et création des index MongoDB...
2025-11-05 10:42:19,401 - INFO - TTL for analysis_summaries configured to 21600 seconds.
2025-11-05 10:42:19,410 - INFO - TTL for raw_jobs configured to 21600 seconds.
2025-11-05 10:42:19,411 - INFO - Index MongoDB vérifiés avec succès.
2025-11-05 10:42:19,425 - INFO - Connexion à MongoDB réussie.
2025-11-05 10:42:19,425 - INFO - Vérification et création des index MongoDB...
2025-11-05 10:42:19,428 - INFO - TTL for analysis_summaries configured to 21600 seconds.
2025-11-05 10:42:19,431 - INFO - TTL for raw_jobs configured to 21600 seconds.
2025-11-05 10:42:19,432 - INFO - Index MongoDB vérifiés avec succès.
2025-11-05 10:42:19,444 - INFO - Connexion à MongoDB réussie.
2025-11-05 10:42:19,444 - INFO - Vérification et création des index MongoDB...
2025-11-05 10:42:19,451 - INFO - TTL for analysis_summaries configured to 21600 seconds.
2025-11-05 10:42:19,455 - INFO - TTL for raw_jobs configured to 21600 seconds.
2025-11-05 10:42:19,459 - INFO - Index MongoDB vérifiés avec succès.
2025-11-05 10:42:19,470 - INFO - Connexion à MongoDB réussie.
2025-11-05 10:42:19,471 - INFO - Vérification et création des index MongoDB...
2025-11-05 10:42:19,475 - INFO - TTL for analysis_summaries configured to 21600 seconds.
2025-11-05 10:42:19,481 - INFO - TTL for raw_jobs configured to 21600 seconds.
2025-11-05 10:42:19,481 - INFO - Index MongoDB vérifiés avec succès.
2025-11-05 10:42:19,491 - INFO - Connexion à MongoDB réussie.
2025-11-05 10:42:19,491 - INFO - Vérification et création des index MongoDB...
2025-11-05 10:42:19,496 - INFO - TTL for analysis_summaries configured to 21600 seconds.
2025-11-05 10:42:19,499 - INFO - TTL for raw_jobs configured to 21600 seconds.
2025-11-05 10:42:19,501 - INFO - Index MongoDB vérifiés avec succès.
2025-11-05 10:42:19,501 - INFO - Lancement d'un cycle Quark pour l'hôte login-1.mesobfc.fr...
2025-11-05 10:42:19,501 - INFO - === Début cycle Quark ===
2025-11-05 10:42:19,501 - INFO - Connexion SSH à login-1.mesobfc.fr...
2025-11-05 10:42:19,550 - INFO - Connected (version 2.0, client OpenSSH_8.0)
2025-11-05 10:42:19,687 - INFO - Authentication (publickey) failed.
2025-11-05 10:42:19,759 - INFO - Authentication (password) successful!
2025-11-05 10:42:20,150 - INFO - Collecte des données sinfo, squeue et sacct...
2025-11-05 10:42:21,310 - INFO - Données collectées: 10 sinfo, 88 squeue, 1 sacct
2025-11-05 10:42:21,312 - INFO - Génération du snapshot de l'état du cluster...
2025-11-05 10:42:21,312 - INFO - Calcul des métriques cluster...
2025-11-05 10:42:21,341 - INFO - Snapshot cluster stocké avec l'ID: 690b1bfda2083572be27bc70
2025-11-05 10:42:21,341 - INFO - Métriques GPU - Total: 6, Idle: 6, Allocated: 0
2025-11-05 10:42:21,341 - INFO - Génération du snapshot brut de tous les jobs...
2025-11-05 10:42:21,342 - INFO - Traitement de 1 jobs (sacct) et 88 jobs (squeue)...
2025-11-05 10:42:21,422 - INFO - 89 jobs bruts insérés/mis à jour dans la collection 'raw_jobs'.
2025-11-05 10:42:21,425 - INFO - Séparation et traitement des jobs...
2025-11-05 10:42:21,425 - INFO - Traitement des jobs depuis la collection 'raw_jobs'...
2025-11-05 10:42:21,466 - INFO - Mise à jour de 23 résumés d'analyses...
2025-11-05 10:42:21,830 - INFO - Résumés d'analyses mis à jour avec succès.
2025-11-05 10:42:21,880 - INFO - Sélection des prochains jobs...
2025-11-05 10:42:21,890 - INFO - Ressources disponibles: Nodes: 0, CPUs: 0, GPUs: 0
2025-11-05 10:42:21,892 - INFO - 0 jobs sélectionnés pour soumission
2025-11-05 10:42:21,893 - INFO - === Fin cycle Quark ===
2025-11-05 10:42:21,898 - INFO - Connexion SSH fermée.
2025-11-05 14:20:42,584 - INFO - Connexion à MongoDB réussie.
2025-11-05 14:20:42,586 - INFO - Vérification et création des index MongoDB...
2025-11-05 14:20:42,602 - INFO - TTL for analysis_summaries configured to 21600 seconds.
2025-11-05 14:20:42,607 - INFO - TTL for raw_jobs configured to 21600 seconds.
2025-11-05 14:20:42,608 - INFO - Index MongoDB vérifiés avec succès.
2025-11-05 14:20:42,640 - INFO - Connexion à MongoDB réussie.
2025-11-05 14:20:42,640 - INFO - Vérification et création des index MongoDB...
2025-11-05 14:20:42,642 - INFO - TTL for analysis_summaries configured to 21600 seconds.
2025-11-05 14:20:42,646 - INFO - TTL for raw_jobs configured to 21600 seconds.
2025-11-05 14:20:42,647 - INFO - Index MongoDB vérifiés avec succès.
2025-11-05 14:20:42,670 - INFO - Connexion à MongoDB réussie.
2025-11-05 14:20:42,671 - INFO - Vérification et création des index MongoDB...
2025-11-05 14:20:42,675 - INFO - TTL for analysis_summaries configured to 21600 seconds.
2025-11-05 14:20:42,679 - INFO - TTL for raw_jobs configured to 21600 seconds.
2025-11-05 14:20:42,680 - INFO - Index MongoDB vérifiés avec succès.
2025-11-05 14:20:42,692 - INFO - Connexion à MongoDB réussie.
2025-11-05 14:20:42,692 - INFO - Vérification et création des index MongoDB...
2025-11-05 14:20:42,696 - INFO - TTL for analysis_summaries configured to 21600 seconds.
2025-11-05 14:20:42,701 - INFO - TTL for raw_jobs configured to 21600 seconds.
2025-11-05 14:20:42,702 - INFO - Index MongoDB vérifiés avec succès.
2025-11-05 14:20:42,736 - INFO - Connexion à MongoDB réussie.
2025-11-05 14:20:42,737 - INFO - Vérification et création des index MongoDB...
2025-11-05 14:20:42,742 - INFO - TTL for analysis_summaries configured to 21600 seconds.
2025-11-05 14:20:42,747 - INFO - TTL for raw_jobs configured to 21600 seconds.
2025-11-05 14:20:42,747 - INFO - Index MongoDB vérifiés avec succès.
2025-11-05 14:20:42,747 - INFO - Lancement d'un cycle Quark pour l'hôte login-1.mesobfc.fr...
2025-11-05 14:20:42,748 - INFO - === Début cycle Quark ===
2025-11-05 14:20:42,748 - INFO - Connexion SSH à login-1.mesobfc.fr...
2025-11-05 14:20:42,809 - INFO - Connected (version 2.0, client OpenSSH_8.0)
2025-11-05 14:20:43,006 - INFO - Authentication (publickey) failed.
2025-11-05 14:20:43,083 - INFO - Authentication (password) successful!
2025-11-05 14:20:43,482 - INFO - Collecte des données sinfo, squeue et sacct...
2025-11-05 14:20:44,635 - INFO - Données collectées: 10 sinfo, 89 squeue, 3 sacct
2025-11-05 14:20:44,635 - INFO - Génération du snapshot de l'état du cluster...
2025-11-05 14:20:44,635 - INFO - Calcul des métriques cluster...
2025-11-05 14:20:44,678 - INFO - Snapshot cluster stocké avec l'ID: 690b4f2cfc62e28694dc3c84
2025-11-05 14:20:44,678 - INFO - Métriques GPU - Total: 6, Idle: 6, Allocated: 0
2025-11-05 14:20:44,678 - INFO - Génération du snapshot brut de tous les jobs...
2025-11-05 14:20:44,679 - INFO - Traitement de 3 jobs (sacct) et 89 jobs (squeue)...
2025-11-05 14:20:44,723 - INFO - 91 jobs bruts insérés/mis à jour dans la collection 'raw_jobs'.
2025-11-05 14:20:44,724 - INFO - Séparation et traitement des jobs...
2025-11-05 14:20:44,724 - INFO - Traitement des jobs depuis la collection 'raw_jobs'...
2025-11-05 14:20:44,743 - INFO - Mise à jour de 23 résumés d'analyses...
2025-11-05 14:20:44,769 - INFO - Résumés d'analyses mis à jour avec succès.
2025-11-05 14:20:44,770 - INFO - Sélection des prochains jobs...
2025-11-05 14:20:44,773 - INFO - Ressources disponibles: Nodes: 0, CPUs: 0, GPUs: 0
2025-11-05 14:20:44,776 - INFO - 0 jobs sélectionnés pour soumission
2025-11-05 14:20:44,776 - INFO - === Fin cycle Quark ===
2025-11-05 14:20:44,777 - INFO - Connexion SSH fermée.
2025-11-06 14:40:39,577 - INFO - Connexion à MongoDB réussie.
2025-11-06 14:40:39,578 - INFO - Vérification et création des index MongoDB...
2025-11-06 14:40:39,591 - INFO - TTL for analysis_summaries configured to 21600 seconds.
2025-11-06 14:40:39,597 - INFO - TTL for raw_jobs configured to 21600 seconds.
2025-11-06 14:40:39,597 - INFO - Index MongoDB vérifiés avec succès.
2025-11-06 14:40:39,609 - INFO - Connexion à MongoDB réussie.
2025-11-06 14:40:39,610 - INFO - Vérification et création des index MongoDB...
2025-11-06 14:40:39,617 - INFO - TTL for analysis_summaries configured to 21600 seconds.
2025-11-06 14:40:39,625 - INFO - TTL for raw_jobs configured to 21600 seconds.
2025-11-06 14:40:39,625 - INFO - Index MongoDB vérifiés avec succès.
2025-11-06 14:40:39,634 - INFO - Connexion à MongoDB réussie.
2025-11-06 14:40:39,635 - INFO - Vérification et création des index MongoDB...
2025-11-06 14:40:39,641 - INFO - TTL for analysis_summaries configured to 21600 seconds.
2025-11-06 14:40:39,645 - INFO - TTL for raw_jobs configured to 21600 seconds.
2025-11-06 14:40:39,645 - INFO - Index MongoDB vérifiés avec succès.
2025-11-06 14:40:39,657 - INFO - Connexion à MongoDB réussie.
2025-11-06 14:40:39,657 - INFO - Vérification et création des index MongoDB...
2025-11-06 14:40:39,661 - INFO - TTL for analysis_summaries configured to 21600 seconds.
2025-11-06 14:40:39,664 - INFO - TTL for raw_jobs configured to 21600 seconds.
2025-11-06 14:40:39,664 - INFO - Index MongoDB vérifiés avec succès.
2025-11-06 14:40:39,673 - INFO - Connexion à MongoDB réussie.
2025-11-06 14:40:39,674 - INFO - Vérification et création des index MongoDB...
2025-11-06 14:40:39,677 - INFO - TTL for analysis_summaries configured to 21600 seconds.
2025-11-06 14:40:39,679 - INFO - TTL for raw_jobs configured to 21600 seconds.
2025-11-06 14:40:39,679 - INFO - Index MongoDB vérifiés avec succès.
2025-11-06 14:40:39,680 - INFO - Lancement d'un cycle Quark pour l'hôte login-1.mesobfc.fr...
2025-11-06 14:40:39,680 - INFO - === Début cycle Quark ===
2025-11-06 14:40:39,680 - INFO - Connexion SSH à login-1.mesobfc.fr...
2025-11-06 14:40:39,730 - INFO - Connected (version 2.0, client OpenSSH_8.0)
2025-11-06 14:40:39,866 - INFO - Authentication (publickey) failed.
2025-11-06 14:40:39,939 - INFO - Authentication (password) successful!
2025-11-06 14:40:40,316 - INFO - Collecte des données sinfo, squeue et sacct...
2025-11-06 14:40:41,424 - INFO - Données collectées: 10 sinfo, 24 squeue, 25 sacct
2025-11-06 14:40:41,424 - INFO - Génération du snapshot de l'état du cluster...
2025-11-06 14:40:41,425 - INFO - Calcul des métriques cluster...
2025-11-06 14:40:41,454 - INFO - Snapshot cluster stocké avec l'ID: 690ca559eb34710fb4cf6fbc
2025-11-06 14:40:41,454 - INFO - Métriques GPU - Total: 6, Idle: 6, Allocated: 0
2025-11-06 14:40:41,454 - INFO - Génération du snapshot brut de tous les jobs...
2025-11-06 14:40:41,454 - INFO - Traitement de 25 jobs (sacct) et 24 jobs (squeue)...
2025-11-06 14:40:41,501 - INFO - 49 jobs bruts insérés/mis à jour dans la collection 'raw_jobs'.
2025-11-06 14:40:41,501 - INFO - Séparation et traitement des jobs...
2025-11-06 14:40:41,502 - INFO - Traitement des jobs depuis la collection 'raw_jobs'...
2025-11-06 14:40:41,517 - INFO - Mise à jour de 2 résumés d'analyses...
2025-11-06 14:40:41,532 - INFO - Résumés d'analyses mis à jour avec succès.
2025-11-06 14:40:41,533 - INFO - Sélection des prochains jobs...
2025-11-06 14:40:41,538 - INFO - Ressources disponibles: Nodes: 0, CPUs: 0, GPUs: 0
2025-11-06 14:40:41,539 - INFO - 0 jobs sélectionnés pour soumission
2025-11-06 14:40:41,541 - INFO - === Fin cycle Quark ===
2025-11-06 14:40:41,543 - INFO - Connexion SSH fermée.
2025-11-07 09:12:53,642 - INFO - Connexion à MongoDB réussie.
2025-11-07 09:12:53,644 - INFO - Vérification et création des index MongoDB...
2025-11-07 09:12:53,661 - INFO - TTL for analysis_summaries configured to 21600 seconds.
2025-11-07 09:12:53,670 - INFO - TTL for raw_jobs configured to 21600 seconds.
2025-11-07 09:12:53,670 - INFO - Index MongoDB vérifiés avec succès.
2025-11-07 09:12:53,676 - INFO - Connexion à MongoDB réussie.
2025-11-07 09:12:53,676 - INFO - Vérification et création des index MongoDB...
2025-11-07 09:12:53,678 - INFO - TTL for analysis_summaries configured to 21600 seconds.
2025-11-07 09:12:53,681 - INFO - TTL for raw_jobs configured to 21600 seconds.
2025-11-07 09:12:53,681 - INFO - Index MongoDB vérifiés avec succès.
2025-11-07 09:12:53,699 - INFO - Connexion à MongoDB réussie.
2025-11-07 09:12:53,701 - INFO - Vérification et création des index MongoDB...
2025-11-07 09:12:53,708 - INFO - TTL for analysis_summaries configured to 21600 seconds.
2025-11-07 09:12:53,713 - INFO - TTL for raw_jobs configured to 21600 seconds.
2025-11-07 09:12:53,714 - INFO - Index MongoDB vérifiés avec succès.
2025-11-07 09:12:53,725 - INFO - Connexion à MongoDB réussie.
2025-11-07 09:12:53,725 - INFO - Vérification et création des index MongoDB...
2025-11-07 09:12:53,728 - INFO - TTL for analysis_summaries configured to 21600 seconds.
2025-11-07 09:12:53,736 - INFO - TTL for raw_jobs configured to 21600 seconds.
2025-11-07 09:12:53,738 - INFO - Index MongoDB vérifiés avec succès.
2025-11-07 09:12:53,767 - INFO - Connexion à MongoDB réussie.
2025-11-07 09:12:53,768 - INFO - Vérification et création des index MongoDB...
2025-11-07 09:12:53,772 - INFO - TTL for analysis_summaries configured to 21600 seconds.
2025-11-07 09:12:53,775 - INFO - TTL for raw_jobs configured to 21600 seconds.
2025-11-07 09:12:53,776 - INFO - Index MongoDB vérifiés avec succès.
2025-11-07 09:12:53,776 - INFO - Lancement d'un cycle Quark pour l'hôte login-1.mesobfc.fr...
2025-11-07 09:12:53,776 - INFO - === Début cycle Quark ===
2025-11-07 09:12:53,776 - INFO - Connexion SSH à login-1.mesobfc.fr...
2025-11-07 09:12:53,834 - INFO - Connected (version 2.0, client OpenSSH_8.0)
2025-11-07 09:12:53,968 - INFO - Authentication (publickey) failed.
2025-11-07 09:12:54,042 - INFO - Authentication (password) successful!
2025-11-07 09:12:54,446 - INFO - Collecte des données sinfo, squeue et sacct...
2025-11-07 09:12:55,605 - INFO - Données collectées: 10 sinfo, 48 squeue, 0 sacct
2025-11-07 09:12:55,605 - INFO - Génération du snapshot de l'état du cluster...
2025-11-07 09:12:55,605 - INFO - Calcul des métriques cluster...
2025-11-07 09:12:55,659 - INFO - Snapshot cluster stocké avec l'ID: 690daa07a521dc7262e5ffed
2025-11-07 09:12:55,659 - INFO - Métriques GPU - Total: 6, Idle: 6, Allocated: 0
2025-11-07 09:12:55,660 - INFO - Génération du snapshot brut de tous les jobs...
2025-11-07 09:12:55,660 - INFO - Traitement de 0 jobs (sacct) et 48 jobs (squeue)...
2025-11-07 09:12:55,690 - INFO - 48 jobs bruts insérés/mis à jour dans la collection 'raw_jobs'.
2025-11-07 09:12:55,690 - INFO - Séparation et traitement des jobs...
2025-11-07 09:12:55,691 - INFO - Traitement des jobs depuis la collection 'raw_jobs'...
2025-11-07 09:12:55,704 - INFO - Mise à jour de 7 résumés d'analyses...
2025-11-07 09:12:55,724 - INFO - Résumés d'analyses mis à jour avec succès.
2025-11-07 09:12:55,725 - INFO - Sélection des prochains jobs...
2025-11-07 09:12:55,728 - INFO - Ressources disponibles: Nodes: 0, CPUs: 0, GPUs: 0
2025-11-07 09:12:55,729 - INFO - 0 jobs sélectionnés pour soumission
2025-11-07 09:12:55,729 - INFO - === Fin cycle Quark ===
2025-11-07 09:12:55,730 - INFO - Connexion SSH fermée.
2025-11-07 11:16:04,813 - INFO - Connexion à MongoDB réussie.
2025-11-07 11:16:04,815 - INFO - Vérification et création des index MongoDB...
2025-11-07 11:16:04,824 - INFO - TTL for analysis_summaries configured to 21600 seconds.
2025-11-07 11:16:04,829 - INFO - TTL for raw_jobs configured to 21600 seconds.
2025-11-07 11:16:04,830 - INFO - Index MongoDB vérifiés avec succès.
2025-11-07 11:16:04,848 - INFO - Connexion à MongoDB réussie.
2025-11-07 11:16:04,848 - INFO - Vérification et création des index MongoDB...
2025-11-07 11:16:04,852 - INFO - TTL for analysis_summaries configured to 21600 seconds.
2025-11-07 11:16:04,856 - INFO - TTL for raw_jobs configured to 21600 seconds.
2025-11-07 11:16:04,856 - INFO - Index MongoDB vérifiés avec succès.
2025-11-07 11:16:04,895 - INFO - Connexion à MongoDB réussie.
2025-11-07 11:16:04,896 - INFO - Vérification et création des index MongoDB...
2025-11-07 11:16:04,900 - INFO - TTL for analysis_summaries configured to 21600 seconds.
2025-11-07 11:16:04,905 - INFO - TTL for raw_jobs configured to 21600 seconds.
2025-11-07 11:16:04,906 - INFO - Index MongoDB vérifiés avec succès.
2025-11-07 11:16:04,940 - INFO - Connexion à MongoDB réussie.
2025-11-07 11:16:04,940 - INFO - Vérification et création des index MongoDB...
2025-11-07 11:16:04,944 - INFO - TTL for analysis_summaries configured to 21600 seconds.
2025-11-07 11:16:04,949 - INFO - TTL for raw_jobs configured to 21600 seconds.
2025-11-07 11:16:04,950 - INFO - Index MongoDB vérifiés avec succès.
2025-11-07 11:16:04,976 - INFO - Connexion à MongoDB réussie.
2025-11-07 11:16:04,977 - INFO - Vérification et création des index MongoDB...
2025-11-07 11:16:04,982 - INFO - TTL for analysis_summaries configured to 21600 seconds.
2025-11-07 11:16:04,986 - INFO - TTL for raw_jobs configured to 21600 seconds.
2025-11-07 11:16:04,986 - INFO - Index MongoDB vérifiés avec succès.
2025-11-07 11:16:04,987 - INFO - Lancement d'un cycle Quark pour l'hôte login-1.mesobfc.fr...
2025-11-07 11:16:04,987 - INFO - === Début cycle Quark ===
2025-11-07 11:16:04,987 - INFO - Connexion SSH à login-1.mesobfc.fr...
2025-11-07 11:16:05,009 - INFO - Connected (version 2.0, client OpenSSH_8.0)
2025-11-07 11:16:05,124 - INFO - Authentication (publickey) failed.
2025-11-07 11:16:05,160 - INFO - Authentication (password) successful!
2025-11-07 11:16:05,549 - INFO - Collecte des données sinfo, squeue et sacct...
2025-11-07 11:16:06,720 - INFO - Données collectées: 10 sinfo, 48 squeue, 0 sacct
2025-11-07 11:16:06,720 - INFO - Génération du snapshot de l'état du cluster...
2025-11-07 11:16:06,721 - INFO - Calcul des métriques cluster...
2025-11-07 11:16:06,750 - INFO - Snapshot cluster stocké avec l'ID: 690dc6e69d748453d700a1b3
2025-11-07 11:16:06,752 - INFO - Métriques GPU - Total: 6, Idle: 6, Allocated: 0
2025-11-07 11:16:06,753 - INFO - Génération du snapshot brut de tous les jobs...
2025-11-07 11:16:06,753 - INFO - Traitement de 0 jobs (sacct) et 48 jobs (squeue)...
2025-11-07 11:16:06,794 - INFO - 48 jobs bruts insérés/mis à jour dans la collection 'raw_jobs'.
2025-11-07 11:16:06,794 - INFO - Séparation et traitement des jobs...
2025-11-07 11:16:06,794 - INFO - Traitement des jobs depuis la collection 'raw_jobs'...
2025-11-07 11:16:06,809 - INFO - Mise à jour de 7 résumés d'analyses...
2025-11-07 11:16:06,824 - INFO - Résumés d'analyses mis à jour avec succès.
2025-11-07 11:16:06,826 - INFO - Sélection des prochains jobs...
2025-11-07 11:16:06,827 - INFO - Ressources disponibles: Nodes: 0, CPUs: 0, GPUs: 0
2025-11-07 11:16:06,829 - INFO - 0 jobs sélectionnés pour soumission
2025-11-07 11:16:06,829 - INFO - === Fin cycle Quark ===
2025-11-07 11:16:06,835 - INFO - Connexion SSH fermée.
2025-11-12 08:17:20,525 - INFO - Connexion à MongoDB réussie.
2025-11-12 08:17:20,527 - INFO - Vérification et création des index MongoDB...
2025-11-12 08:17:20,531 - INFO - TTL for analysis_summaries configured to 21600 seconds.
2025-11-12 08:17:20,534 - INFO - TTL for raw_jobs configured to 21600 seconds.
2025-11-12 08:17:20,535 - INFO - Index MongoDB vérifiés avec succès.
2025-11-12 08:17:20,558 - INFO - Connexion à MongoDB réussie.
2025-11-12 08:17:20,558 - INFO - Vérification et création des index MongoDB...
2025-11-12 08:17:20,562 - INFO - TTL for analysis_summaries configured to 21600 seconds.
2025-11-12 08:17:20,566 - INFO - TTL for raw_jobs configured to 21600 seconds.
2025-11-12 08:17:20,567 - INFO - Index MongoDB vérifiés avec succès.
2025-11-12 08:17:20,621 - INFO - Connexion à MongoDB réussie.
2025-11-12 08:17:20,621 - INFO - Vérification et création des index MongoDB...
2025-11-12 08:17:20,625 - INFO - TTL for analysis_summaries configured to 21600 seconds.
2025-11-12 08:17:20,638 - INFO - TTL for raw_jobs configured to 21600 seconds.
2025-11-12 08:17:20,638 - INFO - Index MongoDB vérifiés avec succès.
2025-11-12 08:17:20,646 - INFO - Connexion à MongoDB réussie.
2025-11-12 08:17:20,647 - INFO - Vérification et création des index MongoDB...
2025-11-12 08:17:20,651 - INFO - TTL for analysis_summaries configured to 21600 seconds.
2025-11-12 08:17:20,655 - INFO - TTL for raw_jobs configured to 21600 seconds.
2025-11-12 08:17:20,655 - INFO - Index MongoDB vérifiés avec succès.
2025-11-12 08:17:20,663 - INFO - Connexion à MongoDB réussie.
2025-11-12 08:17:20,664 - INFO - Vérification et création des index MongoDB...
2025-11-12 08:17:20,667 - INFO - TTL for analysis_summaries configured to 21600 seconds.
2025-11-12 08:17:20,671 - INFO - TTL for raw_jobs configured to 21600 seconds.
2025-11-12 08:17:20,672 - INFO - Index MongoDB vérifiés avec succès.
2025-11-12 08:17:20,672 - INFO - Lancement d'un cycle Quark pour l'hôte login-1.mesobfc.fr...
2025-11-12 08:17:20,672 - INFO - === Début cycle Quark ===
2025-11-12 08:17:20,672 - INFO - Connexion SSH à login-1.mesobfc.fr...
2025-11-12 08:17:20,728 - INFO - Connected (version 2.0, client OpenSSH_8.0)
2025-11-12 08:17:20,907 - INFO - Authentication (publickey) failed.
2025-11-12 08:17:20,976 - INFO - Authentication (password) successful!
2025-11-12 08:17:21,386 - INFO - Collecte des données sinfo, squeue et sacct...
2025-11-12 08:17:22,556 - INFO - Données collectées: 10 sinfo, 86 squeue, 8 sacct
2025-11-12 08:17:22,556 - INFO - Génération du snapshot de l'état du cluster...
2025-11-12 08:17:22,556 - INFO - Calcul des métriques cluster...
2025-11-12 08:17:22,565 - INFO - Snapshot cluster stocké avec l'ID: 69143482afe520469522f178
2025-11-12 08:17:22,567 - INFO - Métriques GPU - Total: 6, Idle: 6, Allocated: 0
2025-11-12 08:17:22,567 - INFO - Génération du snapshot brut de tous les jobs...
2025-11-12 08:17:22,567 - INFO - Traitement de 8 jobs (sacct) et 86 jobs (squeue)...
2025-11-12 08:17:22,594 - INFO - 86 jobs bruts insérés/mis à jour dans la collection 'raw_jobs'.
2025-11-12 08:17:22,594 - INFO - Séparation et traitement des jobs...
2025-11-12 08:17:22,594 - INFO - Traitement des jobs depuis la collection 'raw_jobs'...
2025-11-12 08:17:22,601 - INFO - Mise à jour de 22 résumés d'analyses...
2025-11-12 08:17:22,614 - INFO - Résumés d'analyses mis à jour avec succès.
2025-11-12 08:17:22,614 - INFO - Sélection des prochains jobs...
2025-11-12 08:17:22,617 - INFO - Ressources disponibles: Nodes: 0, CPUs: 0, GPUs: 0
2025-11-12 08:17:22,618 - INFO - 0 jobs sélectionnés pour soumission
2025-11-12 08:17:22,618 - INFO - === Fin cycle Quark ===
2025-11-12 08:17:22,619 - INFO - Connexion SSH fermée.
2025-11-12 14:03:13,250 - INFO - Connexion à MongoDB réussie.
2025-11-12 14:03:13,253 - INFO - Vérification et création des index MongoDB...
2025-11-12 14:03:13,269 - INFO - TTL for analysis_summaries configured to 21600 seconds.
2025-11-12 14:03:13,277 - INFO - TTL for raw_jobs configured to 21600 seconds.
2025-11-12 14:03:13,278 - INFO - Index MongoDB vérifiés avec succès.
2025-11-12 14:03:13,389 - INFO - Connexion à MongoDB réussie.
2025-11-12 14:03:13,390 - INFO - Vérification et création des index MongoDB...
2025-11-12 14:03:13,396 - INFO - TTL for analysis_summaries configured to 21600 seconds.
2025-11-12 14:03:13,420 - INFO - TTL for raw_jobs configured to 21600 seconds.
2025-11-12 14:03:13,421 - INFO - Index MongoDB vérifiés avec succès.
2025-11-12 14:03:13,437 - INFO - Connexion à MongoDB réussie.
2025-11-12 14:03:13,437 - INFO - Vérification et création des index MongoDB...
2025-11-12 14:03:13,445 - INFO - TTL for analysis_summaries configured to 21600 seconds.
2025-11-12 14:03:13,452 - INFO - TTL for raw_jobs configured to 21600 seconds.
2025-11-12 14:03:13,454 - INFO - Index MongoDB vérifiés avec succès.
2025-11-12 14:03:13,485 - INFO - Connexion à MongoDB réussie.
2025-11-12 14:03:13,486 - INFO - Vérification et création des index MongoDB...
2025-11-12 14:03:13,490 - INFO - TTL for analysis_summaries configured to 21600 seconds.
2025-11-12 14:03:13,496 - INFO - TTL for raw_jobs configured to 21600 seconds.
2025-11-12 14:03:13,497 - INFO - Index MongoDB vérifiés avec succès.
2025-11-12 14:03:13,511 - INFO - Connexion à MongoDB réussie.
2025-11-12 14:03:13,513 - INFO - Vérification et création des index MongoDB...
2025-11-12 14:03:13,519 - INFO - TTL for analysis_summaries configured to 21600 seconds.
2025-11-12 14:03:13,523 - INFO - TTL for raw_jobs configured to 21600 seconds.
2025-11-12 14:03:13,524 - INFO - Index MongoDB vérifiés avec succès.
2025-11-12 14:03:13,524 - INFO - Lancement d'un cycle Quark pour l'hôte login-1.mesobfc.fr...
2025-11-12 14:03:13,527 - INFO - === Début cycle Quark ===
2025-11-12 14:03:13,528 - INFO - Connexion SSH à login-1.mesobfc.fr...
2025-11-12 14:03:13,590 - INFO - Connected (version 2.0, client OpenSSH_8.0)
2025-11-12 14:03:13,733 - INFO - Authentication (publickey) failed.
2025-11-12 14:03:13,809 - INFO - Authentication (password) successful!
2025-11-12 14:03:14,245 - INFO - Collecte des données sinfo, squeue et sacct...
2025-11-12 14:03:15,396 - INFO - Données collectées: 10 sinfo, 48 squeue, 48 sacct
2025-11-12 14:03:15,402 - INFO - Génération du snapshot de l'état du cluster...
2025-11-12 14:03:15,417 - INFO - Calcul des métriques cluster...
2025-11-12 14:03:15,503 - INFO - Snapshot cluster stocké avec l'ID: 6914859351a232ac32e53e6a
2025-11-12 14:03:15,506 - INFO - Métriques GPU - Total: 6, Idle: 6, Allocated: 0
2025-11-12 14:03:15,509 - INFO - Génération du snapshot brut de tous les jobs...
2025-11-12 14:03:15,513 - INFO - Traitement de 48 jobs (sacct) et 48 jobs (squeue)...
2025-11-12 14:03:15,668 - INFO - 96 jobs bruts insérés/mis à jour dans la collection 'raw_jobs'.
2025-11-12 14:03:15,670 - INFO - Séparation et traitement des jobs...
2025-11-12 14:03:15,673 - INFO - Traitement des jobs depuis la collection 'raw_jobs'...
2025-11-12 14:03:15,693 - INFO - Mise à jour de 22 résumés d'analyses...
2025-11-12 14:03:15,754 - INFO - Résumés d'analyses mis à jour avec succès.
2025-11-12 14:03:15,765 - INFO - Sélection des prochains jobs...
2025-11-12 14:03:15,776 - INFO - Ressources disponibles: Nodes: 0, CPUs: 0, GPUs: 0
2025-11-12 14:03:15,801 - INFO - 0 jobs sélectionnés pour soumission
2025-11-12 14:03:15,806 - INFO - === Fin cycle Quark ===
2025-11-12 14:03:15,820 - INFO - Connexion SSH fermée.
2025-11-12 14:45:00,403 - INFO - Connexion à MongoDB réussie.
2025-11-12 14:45:00,414 - INFO - Vérification et création des index MongoDB...
2025-11-12 14:45:00,421 - INFO - TTL for analysis_summaries configured to 21600 seconds.
2025-11-12 14:45:00,429 - INFO - TTL for raw_jobs configured to 21600 seconds.
2025-11-12 14:45:00,433 - INFO - Index MongoDB vérifiés avec succès.
2025-11-12 14:45:00,449 - INFO - Connexion à MongoDB réussie.
2025-11-12 14:45:00,450 - INFO - Vérification et création des index MongoDB...
2025-11-12 14:45:00,455 - INFO - TTL for analysis_summaries configured to 21600 seconds.
2025-11-12 14:45:00,479 - INFO - TTL for raw_jobs configured to 21600 seconds.
2025-11-12 14:45:00,484 - INFO - Index MongoDB vérifiés avec succès.
2025-11-12 14:45:00,521 - INFO - Connexion à MongoDB réussie.
2025-11-12 14:45:00,522 - INFO - Vérification et création des index MongoDB...
2025-11-12 14:45:00,527 - INFO - TTL for analysis_summaries configured to 21600 seconds.
2025-11-12 14:45:00,534 - INFO - TTL for raw_jobs configured to 21600 seconds.
2025-11-12 14:45:00,536 - INFO - Index MongoDB vérifiés avec succès.
2025-11-12 14:45:00,569 - INFO - Connexion à MongoDB réussie.
2025-11-12 14:45:00,570 - INFO - Vérification et création des index MongoDB...
2025-11-12 14:45:00,577 - INFO - TTL for analysis_summaries configured to 21600 seconds.
2025-11-12 14:45:00,586 - INFO - TTL for raw_jobs configured to 21600 seconds.
2025-11-12 14:45:00,589 - INFO - Index MongoDB vérifiés avec succès.
2025-11-12 14:45:00,622 - INFO - Connexion à MongoDB réussie.
2025-11-12 14:45:00,623 - INFO - Vérification et création des index MongoDB...
2025-11-12 14:45:00,628 - INFO - TTL for analysis_summaries configured to 21600 seconds.
2025-11-12 14:45:00,636 - INFO - TTL for raw_jobs configured to 21600 seconds.
2025-11-12 14:45:00,637 - INFO - Index MongoDB vérifiés avec succès.
2025-11-12 14:45:00,637 - INFO - Lancement d'un cycle Quark pour l'hôte login-1.mesobfc.fr...
2025-11-12 14:45:00,637 - INFO - === Début cycle Quark ===
2025-11-12 14:45:00,639 - INFO - Connexion SSH à login-1.mesobfc.fr...
2025-11-12 14:45:00,686 - INFO - Connected (version 2.0, client OpenSSH_8.0)
2025-11-12 14:45:00,804 - INFO - Authentication (publickey) failed.
2025-11-12 14:45:00,881 - INFO - Authentication (password) successful!
2025-11-12 14:45:01,278 - INFO - Collecte des données sinfo, squeue et sacct...
2025-11-12 14:45:02,439 - INFO - Données collectées: 10 sinfo, 48 squeue, 48 sacct
2025-11-12 14:45:02,442 - INFO - Génération du snapshot de l'état du cluster...
2025-11-12 14:45:02,448 - INFO - Calcul des métriques cluster...
2025-11-12 14:45:02,464 - INFO - Snapshot cluster stocké avec l'ID: 69148f5e7879d359a4d3f89b
2025-11-12 14:45:02,468 - INFO - Métriques GPU - Total: 6, Idle: 6, Allocated: 0
2025-11-12 14:45:02,474 - INFO - Génération du snapshot brut de tous les jobs...
2025-11-12 14:45:02,476 - INFO - Traitement de 48 jobs (sacct) et 48 jobs (squeue)...
2025-11-12 14:45:02,572 - INFO - 96 jobs bruts insérés/mis à jour dans la collection 'raw_jobs'.
2025-11-12 14:45:02,574 - INFO - Séparation et traitement des jobs...
2025-11-12 14:45:02,575 - INFO - Traitement des jobs depuis la collection 'raw_jobs'...
2025-11-12 14:45:02,600 - INFO - Mise à jour de 7 résumés d'analyses...
2025-11-12 14:45:02,684 - INFO - Résumés d'analyses mis à jour avec succès.
2025-11-12 14:45:02,686 - INFO - Sélection des prochains jobs...
2025-11-12 14:45:02,692 - INFO - Ressources disponibles: Nodes: 0, CPUs: 0, GPUs: 0
2025-11-12 14:45:02,698 - INFO - 0 jobs sélectionnés pour soumission
2025-11-12 14:45:02,700 - INFO - === Fin cycle Quark ===
2025-11-12 14:45:02,703 - INFO - Connexion SSH fermée.
2025-11-13 09:55:12,245 - INFO - Connexion à MongoDB réussie.
2025-11-13 09:55:12,249 - INFO - Vérification et création des index MongoDB...
2025-11-13 09:55:12,265 - INFO - TTL for analysis_summaries configured to 21600 seconds.
2025-11-13 09:55:12,276 - INFO - TTL for raw_jobs configured to 21600 seconds.
2025-11-13 09:55:12,278 - INFO - Index MongoDB vérifiés avec succès.
2025-11-13 09:55:12,313 - INFO - Connexion à MongoDB réussie.
2025-11-13 09:55:12,314 - INFO - Vérification et création des index MongoDB...
2025-11-13 09:55:12,326 - INFO - TTL for analysis_summaries configured to 21600 seconds.
2025-11-13 09:55:12,344 - INFO - TTL for raw_jobs configured to 21600 seconds.
2025-11-13 09:55:12,352 - INFO - Index MongoDB vérifiés avec succès.
2025-11-13 09:55:12,413 - INFO - Connexion à MongoDB réussie.
2025-11-13 09:55:12,413 - INFO - Vérification et création des index MongoDB...
2025-11-13 09:55:12,419 - INFO - TTL for analysis_summaries configured to 21600 seconds.
2025-11-13 09:55:12,429 - INFO - TTL for raw_jobs configured to 21600 seconds.
2025-11-13 09:55:12,430 - INFO - Index MongoDB vérifiés avec succès.
2025-11-13 09:55:12,452 - INFO - Connexion à MongoDB réussie.
2025-11-13 09:55:12,453 - INFO - Vérification et création des index MongoDB...
2025-11-13 09:55:12,464 - INFO - TTL for analysis_summaries configured to 21600 seconds.
2025-11-13 09:55:12,471 - INFO - TTL for raw_jobs configured to 21600 seconds.
2025-11-13 09:55:12,476 - INFO - Index MongoDB vérifiés avec succès.
2025-11-13 09:55:12,488 - INFO - Connexion à MongoDB réussie.
2025-11-13 09:55:12,489 - INFO - Vérification et création des index MongoDB...
2025-11-13 09:55:12,497 - INFO - TTL for analysis_summaries configured to 21600 seconds.
2025-11-13 09:55:12,502 - INFO - TTL for raw_jobs configured to 21600 seconds.
2025-11-13 09:55:12,503 - INFO - Index MongoDB vérifiés avec succès.
2025-11-13 09:55:12,504 - INFO - Lancement d'un cycle Quark pour l'hôte login-1.mesobfc.fr...
2025-11-13 09:55:12,508 - INFO - === Début cycle Quark ===
2025-11-13 09:55:12,509 - INFO - Connexion SSH à login-1.mesobfc.fr...
2025-11-13 09:55:12,560 - INFO - Connected (version 2.0, client OpenSSH_8.0)
2025-11-13 09:55:12,702 - INFO - Authentication (publickey) failed.
2025-11-13 09:55:12,777 - INFO - Authentication (password) successful!
2025-11-13 09:55:13,178 - INFO - Collecte des données sinfo, squeue et sacct...
2025-11-13 09:55:14,415 - INFO - Données collectées: 10 sinfo, 48 squeue, 0 sacct
2025-11-13 09:55:14,415 - INFO - Génération du snapshot de l'état du cluster...
2025-11-13 09:55:14,415 - INFO - Calcul des métriques cluster...
2025-11-13 09:55:14,437 - INFO - Snapshot cluster stocké avec l'ID: 69159cf2b87def73bf64b6b6
2025-11-13 09:55:14,438 - INFO - Métriques GPU - Total: 6, Idle: 6, Allocated: 0
2025-11-13 09:55:14,438 - INFO - Génération du snapshot brut de tous les jobs...
2025-11-13 09:55:14,439 - INFO - Traitement de 0 jobs (sacct) et 48 jobs (squeue)...
2025-11-13 09:55:14,479 - INFO - 48 jobs bruts insérés/mis à jour dans la collection 'raw_jobs'.
2025-11-13 09:55:14,480 - INFO - Séparation et traitement des jobs...
2025-11-13 09:55:14,481 - INFO - Traitement des jobs depuis la collection 'raw_jobs'...
2025-11-13 09:55:14,494 - INFO - Mise à jour de 7 résumés d'analyses...
2025-11-13 09:55:14,506 - INFO - Résumés d'analyses mis à jour avec succès.
2025-11-13 09:55:14,509 - INFO - Sélection des prochains jobs...
2025-11-13 09:55:14,514 - INFO - Ressources disponibles: Nodes: 0, CPUs: 0, GPUs: 0
2025-11-13 09:55:14,517 - INFO - 0 jobs sélectionnés pour soumission
2025-11-13 09:55:14,517 - INFO - === Fin cycle Quark ===
2025-11-13 09:55:14,520 - INFO - Connexion SSH fermée.
2025-11-13 15:12:53,769 - INFO - Connexion à MongoDB réussie.
2025-11-13 15:12:53,770 - INFO - Vérification et création des index MongoDB...
2025-11-13 15:12:53,788 - INFO - TTL for analysis_summaries configured to 21600 seconds.
2025-11-13 15:12:53,796 - INFO - TTL for raw_jobs configured to 21600 seconds.
2025-11-13 15:12:53,797 - INFO - Index MongoDB vérifiés avec succès.
2025-11-13 15:12:53,816 - INFO - Connexion à MongoDB réussie.
2025-11-13 15:12:53,816 - INFO - Vérification et création des index MongoDB...
2025-11-13 15:12:53,823 - INFO - TTL for analysis_summaries configured to 21600 seconds.
2025-11-13 15:12:53,833 - INFO - TTL for raw_jobs configured to 21600 seconds.
2025-11-13 15:12:53,833 - INFO - Index MongoDB vérifiés avec succès.
2025-11-13 15:12:53,855 - INFO - Connexion à MongoDB réussie.
2025-11-13 15:12:53,856 - INFO - Vérification et création des index MongoDB...
2025-11-13 15:12:53,869 - INFO - TTL for analysis_summaries configured to 21600 seconds.
2025-11-13 15:12:53,874 - INFO - TTL for raw_jobs configured to 21600 seconds.
2025-11-13 15:12:53,880 - INFO - Index MongoDB vérifiés avec succès.
2025-11-13 15:12:53,898 - INFO - Connexion à MongoDB réussie.
2025-11-13 15:12:53,899 - INFO - Vérification et création des index MongoDB...
2025-11-13 15:12:53,903 - INFO - TTL for analysis_summaries configured to 21600 seconds.
2025-11-13 15:12:53,911 - INFO - TTL for raw_jobs configured to 21600 seconds.
2025-11-13 15:12:53,913 - INFO - Index MongoDB vérifiés avec succès.
2025-11-13 15:12:53,953 - INFO - Connexion à MongoDB réussie.
2025-11-13 15:12:53,954 - INFO - Vérification et création des index MongoDB...
2025-11-13 15:12:53,963 - INFO - TTL for analysis_summaries configured to 21600 seconds.
2025-11-13 15:12:53,969 - INFO - TTL for raw_jobs configured to 21600 seconds.
2025-11-13 15:12:53,970 - INFO - Index MongoDB vérifiés avec succès.
2025-11-13 15:12:53,971 - INFO - Lancement d'un cycle Quark pour l'hôte login-1.mesobfc.fr...
2025-11-13 15:12:53,971 - INFO - === Début cycle Quark ===
2025-11-13 15:12:53,971 - INFO - Connexion SSH à login-1.mesobfc.fr...
2025-11-13 15:12:54,035 - INFO - Connected (version 2.0, client OpenSSH_8.0)
2025-11-13 15:12:54,151 - INFO - Authentication (publickey) failed.
2025-11-13 15:12:54,190 - INFO - Authentication (password) successful!
2025-11-13 15:12:54,614 - INFO - Collecte des données sinfo, squeue et sacct...
2025-11-13 15:12:55,954 - INFO - Données collectées: 10 sinfo, 24 squeue, 25 sacct
2025-11-13 15:12:55,954 - INFO - Génération du snapshot de l'état du cluster...
2025-11-13 15:12:55,954 - INFO - Calcul des métriques cluster...
2025-11-13 15:12:55,988 - INFO - Snapshot cluster stocké avec l'ID: 6915e76701c74a4fe2a8e365
2025-11-13 15:12:55,988 - INFO - Métriques GPU - Total: 6, Idle: 6, Allocated: 0
2025-11-13 15:12:55,990 - INFO - Génération du snapshot brut de tous les jobs...
2025-11-13 15:12:55,990 - INFO - Traitement de 25 jobs (sacct) et 24 jobs (squeue)...
2025-11-13 15:12:56,081 - INFO - 49 jobs bruts insérés/mis à jour dans la collection 'raw_jobs'.
2025-11-13 15:12:56,084 - INFO - Séparation et traitement des jobs...
2025-11-13 15:12:56,084 - INFO - Traitement des jobs depuis la collection 'raw_jobs'...
2025-11-13 15:12:56,102 - INFO - Mise à jour de 7 résumés d'analyses...
2025-11-13 15:12:56,127 - INFO - Résumés d'analyses mis à jour avec succès.
2025-11-13 15:12:56,128 - INFO - Mise à jour de 1 jobs uniques...
2025-11-13 15:12:56,153 - INFO - Jobs uniques mis à jour avec succès.
2025-11-13 15:12:56,153 - INFO - Sélection des prochains jobs...
2025-11-13 15:12:56,158 - INFO - Ressources disponibles: Nodes: 0, CPUs: 0, GPUs: 0
2025-11-13 15:12:56,160 - INFO - 0 jobs sélectionnés pour soumission
2025-11-13 15:12:56,161 - INFO - === Fin cycle Quark ===
2025-11-13 15:12:56,165 - INFO - Connexion SSH fermée.
